Archive member included because of file (symbol)

eobj/libengine.a(engine.o)    obj/game.o (md_tilehasmodel)
eobj/libengine.a(winlayer.o)  obj/winbits.o (win_gethwnd)
eobj/libengine.a(mmulti.o)    obj/game.o (setpackettimeout)
eobj/libengine.a(cache1d.o)   eobj/libengine.a(engine.o) (initcache)
eobj/libengine.a(osd.o)       obj/game.o (OSD_SetLogFile)
eobj/libengine.a(defs.o)      obj/game.o (loaddefinitionsfile)
eobj/libengine.a(compat.o)    obj/game.o (Bgethomedir)
eobj/libengine.a(pragmas.o)   obj/game.o (clearbufbyte)
eobj/libengine.a(baselayer.o)
                              eobj/libengine.a(winlayer.o) (baselayer_init)
eobj/libengine.a(crc32.o)     eobj/libengine.a(engine.o) (initcrc32table)
eobj/libengine.a(glbuild.o)   eobj/libengine.a(winlayer.o) (loadgldriver)
eobj/libengine.a(a.o)         eobj/libengine.a(engine.o) (sethlinesizes)
eobj/libengine.a(scriptfile.o)
                              eobj/libengine.a(engine.o) (scriptfile_gettoken)
eobj/libengine.a(lzf_d.o)     eobj/libengine.a(engine.o) (lzf_decompress)
eobj/libengine.a(lzf_c.o)     eobj/libengine.a(engine.o) (lzf_compress)
eobj/libengine.a(md4.o)       eobj/libengine.a(engine.o) (md4once)
eobj/libengine.a(kplib.o)     eobj/libengine.a(engine.o) (kpgetdim)
eobj/libengine.a(engineinfo.o)
                              eobj/libengine.a(baselayer.o) (_engine_date)
c:/mingw/bin/../lib/gcc/mingw32/3.4.2/../../../libmingwex.a(snprintf.o)
                              obj/game.o (snprintf)
c:/mingw/bin/../lib/gcc/mingw32/3.4.2/../../../libmingwex.a(dirent.o)
                              eobj/libengine.a(compat.o) (opendir)
c:/mingw/bin/../lib/gcc/mingw32/3.4.2/../../../libwinmm.a(dgtfs00084.o)
                              obj/mpu401.o (midiOutPrepareHeader@12)
c:/mingw/bin/../lib/gcc/mingw32/3.4.2/../../../libwinmm.a(dgtfs00091.o)
                              obj/mpu401.o (midiStreamOut@12)
c:/mingw/bin/../lib/gcc/mingw32/3.4.2/../../../libwinmm.a(dgtfs00095.o)
                              obj/mpu401.o (midiStreamRestart@4)
c:/mingw/bin/../lib/gcc/mingw32/3.4.2/../../../libwinmm.a(dgtfs00092.o)
                              obj/mpu401.o (midiStreamPause@4)
c:/mingw/bin/../lib/gcc/mingw32/3.4.2/../../../libwinmm.a(dgtfs00088.o)
                              obj/mpu401.o (midiOutUnprepareHeader@12)
c:/mingw/bin/../lib/gcc/mingw32/3.4.2/../../../libwinmm.a(dgtfs00087.o)
                              obj/mpu401.o (midiOutShortMsg@8)
c:/mingw/bin/../lib/gcc/mingw32/3.4.2/../../../libwinmm.a(dgtfs00081.o)
                              obj/mpu401.o (midiOutLongMsg@12)
c:/mingw/bin/../lib/gcc/mingw32/3.4.2/../../../libwinmm.a(dgtfs00096.o)
                              obj/mpu401.o (midiStreamStop@4)
c:/mingw/bin/../lib/gcc/mingw32/3.4.2/../../../libwinmm.a(dgtfs00089.o)
                              obj/mpu401.o (midiStreamClose@4)
c:/mingw/bin/../lib/gcc/mingw32/3.4.2/../../../libwinmm.a(dgtfs00074.o)
                              obj/mpu401.o (midiOutGetDevCapsA@12)
c:/mingw/bin/../lib/gcc/mingw32/3.4.2/../../../libwinmm.a(dgtfs00090.o)
                              obj/mpu401.o (midiStreamOpen@24)
c:/mingw/bin/../lib/gcc/mingw32/3.4.2/../../../libwinmm.a(dgtfs00094.o)
                              obj/mpu401.o (midiStreamProperty@12)
c:/mingw/bin/../lib/gcc/mingw32/3.4.2/../../../libwinmm.a(dgtfh.o)
                              c:/mingw/bin/../lib/gcc/mingw32/3.4.2/../../../libwinmm.a(dgtfs00084.o) (_head_libwinmm_a)
c:/mingw/bin/../lib/gcc/mingw32/3.4.2/../../../libwinmm.a(dgtft.o)
                              c:/mingw/bin/../lib/gcc/mingw32/3.4.2/../../../libwinmm.a(dgtfh.o) (_libwinmm_a_iname)
c:/mingw/bin/../lib/gcc/mingw32/3.4.2/../../../libwsock32.a(deoes00037.o)
                              eobj/libengine.a(mmulti.o) (closesocket@4)
c:/mingw/bin/../lib/gcc/mingw32/3.4.2/../../../libwsock32.a(deoes00025.o)
                              eobj/libengine.a(mmulti.o) (WSACleanup@0)
c:/mingw/bin/../lib/gcc/mingw32/3.4.2/../../../libwsock32.a(deoes00031.o)
                              eobj/libengine.a(mmulti.o) (WSAStartup@8)
c:/mingw/bin/../lib/gcc/mingw32/3.4.2/../../../libwsock32.a(deoes00072.o)
                              eobj/libengine.a(mmulti.o) (socket@12)
c:/mingw/bin/../lib/gcc/mingw32/3.4.2/../../../libwsock32.a(deoes00056.o)
                              eobj/libengine.a(mmulti.o) (ioctlsocket@12)
c:/mingw/bin/../lib/gcc/mingw32/3.4.2/../../../libwsock32.a(deoes00052.o)
                              eobj/libengine.a(mmulti.o) (htons@4)
c:/mingw/bin/../lib/gcc/mingw32/3.4.2/../../../libwsock32.a(deoes00036.o)
                              eobj/libengine.a(mmulti.o) (bind@12)
c:/mingw/bin/../lib/gcc/mingw32/3.4.2/../../../libwsock32.a(deoes00042.o)
                              eobj/libengine.a(mmulti.o) (gethostname@8)
c:/mingw/bin/../lib/gcc/mingw32/3.4.2/../../../libwsock32.a(deoes00041.o)
[...]
Memory Configuration

Name             Origin             Length             Attributes
*default*        0x00000000         0xffffffff

Linker script and memory map

                0x00400000                __image_base__ = 0x400000
                0x00000000                __dll__ = 0x0
                0x00001000                __section_alignment__ = 0x1000
                0x00000200                __file_alignment__ = 0x200
                0x00000004                __major_os_version__ = 0x4
                0x00000000                __minor_os_version__ = 0x0
                0x00000001                __major_image_version__ = 0x1
                0x00000000                __minor_image_version__ = 0x0
                0x00000004                __major_subsystem_version__ = 0x4
                0x00000000                __minor_subsystem_version__ = 0x0
                0x00000002                __subsystem__ = 0x2
                0x00200000                __size_of_stack_reserve__ = 0x200000
                0x00001000                __size_of_stack_commit__ = 0x1000
                0x00100000                __size_of_heap_reserve__ = 0x100000
                0x00001000                __size_of_heap_commit__ = 0x1000
                0x00000000                __loader_flags__ = 0x0
LOAD c:/mingw/bin/../lib/gcc/mingw32/3.4.2/../../../crt2.o
LOAD c:/mingw/bin/../lib/gcc/mingw32/3.4.2/crtbegin.o
LOAD obj/game.o
LOAD obj/actors.o
LOAD obj/anim.o
LOAD obj/animlib.o
LOAD obj/config.o
LOAD obj/gamedef.o
LOAD obj/gameexec.o
LOAD obj/global.o
LOAD obj/menus.o
LOAD obj/namesdyn.o
LOAD obj/player.o
LOAD obj/premap.o
LOAD obj/savegame.o
LOAD obj/sector.o
LOAD obj/sounds.o
LOAD obj/rts.o
LOAD obj/testcd.o
LOAD obj/osdfuncs.o
LOAD obj/osdcmds.o
LOAD obj/util_lib.o
LOAD obj/file_lib.o
LOAD obj/control.o
LOAD obj/keyboard.o
LOAD obj/mouse.o
LOAD obj/mathutil.o
LOAD obj/scriplib.o
LOAD obj/gameres.o
LOAD obj/winbits.o
LOAD obj/midi.o
LOAD obj/mpu401.o
LOAD obj/music.o
LOAD obj/mv_mix.o
LOAD obj/mv_mix16.o
LOAD obj/mvreverb.o
LOAD obj/pitch.o
LOAD obj/multivoc.o
LOAD obj/ll_man.o
LOAD obj/fx_man.o
LOAD obj/dsoundout.o
LOAD eobj/libengine.a
LOAD c:/mingw/bin/../lib/gcc/mingw32/3.4.2/../../../libm.a
LOAD c:/mingw/bin/../lib/gcc/mingw32/3.4.2/../../../libmingwex.a
LOAD c:/mingw/bin/../lib/gcc/mingw32/3.4.2/../../../libwinmm.a
LOAD c:/mingw/bin/../lib/gcc/mingw32/3.4.2/../../../libwsock32.a
LOAD c:/mingw/bin/../lib/gcc/mingw32/3.4.2/../../../libdxguid.a
LOAD c:/mingw/bin/../lib/gcc/mingw32/3.4.2/../../../libsupc++.a
LOAD c:/mingw/bin/../lib/gcc/mingw32/3.4.2/../../../libmingw32.a
LOAD c:/mingw/bin/../lib/gcc/mingw32/3.4.2/libgcc.a
LOAD c:/mingw/bin/../lib/gcc/mingw32/3.4.2/../../../libmoldname.a
LOAD c:/mingw/bin/../lib/gcc/mingw32/3.4.2/../../../libmingwex.a
LOAD c:/mingw/bin/../lib/gcc/mingw32/3.4.2/../../../libmsvcrt.a
LOAD c:/mingw/bin/../lib/gcc/mingw32/3.4.2/../../../libgdi32.a
LOAD c:/mingw/bin/../lib/gcc/mingw32/3.4.2/../../../libcomdlg32.a
LOAD c:/mingw/bin/../lib/gcc/mingw32/3.4.2/../../../libuser32.a
LOAD c:/mingw/bin/../lib/gcc/mingw32/3.4.2/../../../libkernel32.a
LOAD c:/mingw/bin/../lib/gcc/mingw32/3.4.2/../../../libadvapi32.a
LOAD c:/mingw/bin/../lib/gcc/mingw32/3.4.2/../../../libshell32.a
LOAD c:/mingw/bin/../lib/gcc/mingw32/3.4.2/../../../libmingw32.a
LOAD c:/mingw/bin/../lib/gcc/mingw32/3.4.2/libgcc.a
LOAD c:/mingw/bin/../lib/gcc/mingw32/3.4.2/../../../libmoldname.a
LOAD c:/mingw/bin/../lib/gcc/mingw32/3.4.2/../../../libmingwex.a
LOAD c:/mingw/bin/../lib/gcc/mingw32/3.4.2/../../../libmsvcrt.a
LOAD c:/mingw/bin/../lib/gcc/mingw32/3.4.2/crtend.o

.text           0x00401000    0xfac00
 *(.init)
 *(.text)
 .text          0x00401000      0x2d0 c:/mingw/bin/../lib/gcc/mingw32/3.4.2/../../../crt2.o
                0x00401290                WinMainCRTStartup
                0x00401270                mainCRTStartup
                0x004012b0                atexit
                0x004012c0                _onexit
 .text          0x004012d0       0x10 c:/mingw/bin/../lib/gcc/mingw32/3.4.2/crtbegin.o
                0x004012d0                __do_sjlj_init
 .text          0x004012e0    0x20fe0 obj/game.o
                0x00422256                GetTime
                0x0040a7e3                typemode
                0x0042226f                UpperLeft
                0x0040c0f2                displayrest
                0x0040441f                checkspriteflagsp
                0x00413997                animatesprites
                0x004045e3                badguy
                0x0041e73d                dobonus
                0x0040d0f2                drawbackground
                0x00421153                cameratext
                0x00422282                LowerRight
                0x0041a4ea                Startup
                0x0040f266                wallswitchcheck
                0x0040f3d3                spawn
                0x00401634                txgametext
                0x0041aa7f                writestring
                0x0040ada0                moveclouds
                0x004097b4                tics
                0x0041a25b                compilecons
                0x0041a8d1                getnames
                0x00404988                myospalx
                0x0040a4ff                strget
                0x0041e329                doorders
                0x0041bb8b                opendemowrite
                0x004219a1                ceilingglass
                0x00421e3f                SetupGameButtons
                0x00409cab                operatefta
                0x0040eef9                LocateTheLocator
                0x0041ab3e                load_script
                0x0041b647                opendemoread
                0x0040a0ce                FTA
                0x0041c04e                playback
                0x004043f3                checkspriteflags
                0x0040ae88                drawoverheadmap
                0x0042157b                lotsofglass
                0x0040179c                gametext
                0x00401aca                gamenumber
                0x00416757                cheats
                0x00401b5c                allowtimetocorrecterrorswhenquitting
                0x00418d9a                checkcommandline
                0x00401874                minitextshade
                0x004043ae                inventory
                0x00404794                myos
                0x00421b32                lotsofcolourglass
                0x00418d7f                comlinehelp
                0x00401808                gametextpal
                0x00407545                digitalnumber
                0x00406e81                weapon_amounts
                0x004078e3                displayinventory
                0x0041a1bd                loadtmb
                0x0041abc4                app_main
                0x0041c70c                fakedomovethingscorrect
                0x0042225c                CenterCenter
                0x0041bef1                record
                0x00401bef                adduserquote
                0x0040cd4d                view
                0x0041dc37                domovethings
                0x0040ef59                EGS
                0x00421875                spriteglass
                0x00401a8d                minitext
                0x004040ca                check_fta_sounds
                0x00402f98                faketimerhandler
                0x0041c8bd                fakedomovethings
                0x0040a3df                gameexit
                0x0041a231                Shutdown
                0x0041aaf1                copyprotect
                0x00417d21                nonsharedkeys
                0x00407e0c                displayfragbar
                0x0040510d                orderweaponnum
                0x00401505                setgamepalette
                0x00421444                vglass
                0x004098cb                coords
                0x004012e0                setstatusbarscale
                0x004080f0                coolgaugetext
                0x00405dc0                weaponnum999
                0x00404845                myospal
                0x004222a8                CenterRudder
                0x00404a1a                invennum
                0x00404436                badguypic
                0x00407763                txdigitalnumber
                0x00419678                printstr
                0x0040130b                patchstatusbar
                0x0040a181                showtwoscreens
                0x00405362                weaponnum
                0x004048d7                myosx
                0x0041aaf9                backtomenu
                0x00403ef7                checksync
                0x00416165                CheatGetInventory
                0x0040c06b                palto
                0x00419679                Logo
                0x00422295                CenterThrottle
                0x00401c64                getpackets
                0x0041c641                moveloop
                0x0040e3ee                displayrooms
                0x00403de2                caches
                0x0041a473                sanitizegametype
                0x0041bf99                closedemowrite
                0x0041a891                sendscore
 .text          0x004222c0    0x14600 obj/actors.o
                0x00423b90                lotsofmoney
                0x0042239f                dointerpolations
                0x004224fc                addweaponnoswitch
                0x0042485a                ifhitsectors
                0x00424071                gutsdir
                0x00423d72                lotsofpaper
                0x0042427e                clearsectinterpolate
                0x00428001                bounce
                0x004222e1                setinterpolation
                0x0042240d                restoreinterpolations
                0x004241c8                setsectinterpolate
                0x00422591                addweapon
                0x00424433                movefta
                0x0042a52f                movetransports
                0x00424f80                moveplayers
                0x00423e63                guts
                0x00425c1e                movestandables
                0x00422ae7                hitradius
                0x00423c81                lotsofmail
                0x004226f3                checkavailinven
                0x00424323                ms
                0x00422322                stopinterpolation
                0x004234e8                movesprite
                0x0042582b                movefallers
                0x004229cb                ifsquished
                0x004305ef                moveeffectors
                0x0042f337                moveexplosions
                0x00422779                checkavailweapon
                0x00423b28                insertspriteq
                0x004224bc                addammo
                0x00422476                floorspace
                0x004222c0                updateinterpolations
                0x00422430                ceilingspace
                0x00428213                moveweapons
                0x0042b6ab                moveactors
                0x004248b6                ifhitbyweapon
                0x00425398                movefx
                0x00423aab                ssp
                0x00424d9a                movedummyplayers
                0x00424ca4                movecyclers
 .text          0x004368c0      0x6e0 obj/anim.o
                0x00436af2                first4animsounds
                0x00436bf2                endanimvol43
                0x00436b50                intro42animsounds
                0x00436c49                playanm
                0x004368c0                endanimsounds
                0x00436b9b                endanimvol42
                0x00436aa2                intro4animsounds
                0x00436b6a                endanimvol41
                0x00436a71                logoanimsounds
 .text          0x00436fa0      0x4a0 obj/animlib.o
                0x004370cd                CPlayRunSkipDump
                0x004373a5                ANIM_DrawFrame
                0x00437186                renderframe
                0x0043741e                ANIM_GetPalette
                0x00437272                ANIM_LoadAnim
                0x00436fc4                findpage
                0x00437363                ANIM_FreeAnim
                0x0043738a                ANIM_NumFrames
                0x00437027                loadpage
                0x0043721f                drawframe
 .text          0x00437440     0x28f0 obj/config.o
                0x00437fdb                CONFIG_SetupJoystick
                0x00437503                CONFIG_AnalogNumToName
                0x00437490                CONFIG_AnalogNameToNum
                0x00437b41                CONFIG_ReadKeys
                0x0043747a                CONFIG_FunctionNumToName
                0x00437440                CONFIG_FunctionNameToNum
                0x00438490                CONFIG_ReadSetup
                0x0043753b                CONFIG_SetDefaults
                0x00438ea9                CONFIG_WriteSetup
                0x00438350                readsavenames
                0x00437cbd                CONFIG_SetupMouse
 .text          0x00439d30     0xb7e0 obj/gamedef.o
                0x00440bbd                AddSystemVars
                0x0043bf1a                parsecommand
                0x0043be8f                CountCaseStatements
                0x00444628                InitProjectiles
                0x0043bab7                transvar
                0x0043b023                GetGameValuePtr
                0x0043a03e                DefineProjectile
                0x0043b5f2                transvartype
                0x0043b372                keyword
                0x0043aa59                AddGameVar
                0x004407aa                copydefaultcons
                0x0043afa8                GetGameVar
                0x0043b203                getlabeloffset
                0x0043a345                ReadGameVars
                0x00444c94                loadefs
                0x0043b1a6                getlabelid
                0x00440856                FreeGameVars
                0x0043a5a1                SaveGameVars
                0x0043b0ea                ispecial
                0x0043b11c                isaltok
                0x0043bb27                transnum
                0x0043b0a2                GetDefID
                0x0044090a                InitGameVarPointers
                0x004450d3                ReportError
                0x00444766                ResetSystemDefaults
                0x0043a2c7                AddLog
                0x0043a294                CheckEventSync
                0x0043baca                transmultvarstype
                0x0043ace2                ResetActorGameVars
                0x0043aa08                ResetGameVars
                0x00443a89                AddDefaultDefinitions
                0x0043b401                transword
                0x0043b251                getlabel
                0x0043a7e3                DumpGameVars
                0x0043ad6e                GetGameVarID
                0x00439da5                skipcomments
                0x00444c74                InitGameVars
                0x0043baf8                transmultvars
                0x00443a34                AddDefinition
                0x004408bc                ClearGameVars
                0x0043aee8                SetGameVarID
                0x00440779                passone
                0x0043ad26                GetGameID
 .text          0x00445510    0x10420 obj/gameexec.o
                0x0044b948                getglobalz
                0x004497e5                DoSector
                0x0044b38a                OnEvent
                0x0044cad8                parse
                0x0044bd8d                alterang
                0x00449364                DoWall
                0x0044bd3a                getincangle
                0x0044aaf5                DoProjectile
                0x0044620b                DoThisProjectile
                0x0045553e                LoadActor
                0x00449d92                DoActor
                0x0044ca9d                parseifelse
                0x0044bb8f                makeitfall
                0x00446a38                DoPlayer
                0x0044c0a0                move
                0x0044b4bf                dodge
                0x0045560f                execute
                0x0044b608                furthestangle
                0x0044916b                DoInput
                0x00445510                DoUserDef
                0x0044b758                furthestcanseepoint
 .text          0x00455930     0xf140 obj/menus.o
                0x0045673e                bar
                0x004559ba                savetemp
                0x00456c38                getfilenames
                0x00455a05                getangplayers
                0x004560ac                menutext
                0x00455930                cmenu
                0x00456bef                clearfilenames
                0x0045678d                barsm
                0x00456079                probesm
                0x0045696a                dispnames
                0x00456046                probe
                0x00456ce1                menus
 .text          0x00464a70     0x91e0 obj/namesdyn.o
                0x00464a70                processnames
                0x0046b582                setupdynamictostatic
 .text          0x0046dc50    0x14140 obj/player.o
                0x0046e3b9                hits
                0x00474900                animatefist
                0x0046df82                forceplayerangle
                0x0047513f                displaymasks
                0x004747b8                displayloogie
                0x00475514                animateaccess
                0x0047aef5                checkweapons
                0x0046dd71                incur_damage
                0x0046e4b6                hitasprite
                0x0047f8ae                getspritescore
                0x00474a91                animateknee
                0x0047af8c                processinput
                0x0046dccc                fadepal
                0x0047a908                doincrements
                0x00479fd0                getinput
                0x0046e191                hitscantrail
                0x004753b0                animatetip
                0x00475737                displayweapon
                0x0046e616                hitawall
                0x0046e6de                aim
                0x0046dfc1                tracers
                0x0047fcaf                computergetinput
                0x0047507c                DoSpawn
                0x0046dc50                setpal
                0x00474deb                DoFire
                0x0046ebda                shoot
                0x00474c60                animateknuckles
                0x0046dedb                quickkill
 .text          0x00481d90     0x4540 obj/premap.o
                0x00483793                resetweapons
                0x0048473b                newgame
                0x00483c07                prelevel
                0x00482c3d                getsound
                0x00485935                clearfifo
                0x00485410                waitforeverybody
                0x004830dd                xyzmirror
                0x00482720                cachegoodsprites
                0x004849f6                resetpspritevars
                0x00485b3d                enterlevel
                0x00482de6                cacheit
                0x00483903                resetprestat
                0x0048511f                resettimevars
                0x004831df                vscrn
                0x004854fd                dofrontscreens
                0x00483af2                setupbackdrop
                0x004833f6                resetplayerstats
                0x004850d2                clearfrags
                0x00485177                genspriteremaps
                0x00485a60                resetmys
                0x00482d8a                precachenecessarysounds
                0x00483858                resetinventory
                0x00483347                pickrandomspot
                0x00481e90                cachespritenum
 .text          0x004862d0     0x25d0 obj/savegame.o
                0x004862d0                loadpheader
                0x0048653e                loadplayer
                0x00487a59                saveplayer
 .text          0x004888a0     0x98f0 obj/sector.o
                0x0048d32c                checkhitsprite
                0x00489405                animatewalls
                0x0048ad71                operatemasterswitches
                0x004891ed                getanimationgoal
                0x004892d0                animatecamsprite
                0x00488c4a                isanearoperator
                0x00488f43                doanimations
                0x0048c19d                breakwall
                0x0048f39d                cheatkeys
                0x00488c25                isanunderoperator
                0x0048f2ab                allignwarpelevators
                0x0048aa3d                operateactivators
                0x0048c11a                activatebysector
                0x0048c203                checkhitwall
                0x00488b9a                isadoorwall
                0x00488a83                check_activator_motion
                0x0048d077                checkhitceiling
                0x00488d56                findplayer
                0x004897ad                operatesectors
                0x00488ce8                dist
                0x004910c6                checksectors
                0x0048add1                operateforcefields
                0x0048cdb5                checkplayerhurt
                0x0048a98e                operaterespawns
                0x00488cc2                ldist
                0x004888a0                callsound
                0x00488d1c                txdist
                0x00488c6f                checkcursectnums
                0x0048aeed                checkhitswitch
                0x00489215                setanimation
                0x00488e78                findotherplayer
                0x0048964c                activatewarpelevators
 .text          0x00492190     0x1470 obj/sounds.o
                0x0049232e                MusicUpdate
                0x00493024                stopenvsound
                0x0049358a                clearsoundlocks
                0x00493084                pan3dsound
                0x00492fd4                stopspritesound
                0x004924b7                loadsound
                0x004925cb                xyzsound
                0x00492436                playmusic
                0x00492372                intomenusounds
                0x00492f7f                spritesound
                0x0049233a                USRHOOKS_GetMem
                0x0049228d                MusicStartup
                0x00493428                testcallback
                0x00492244                SoundShutdown
                0x004935ef                issoundplaying
                0x00492300                MusicShutdown
                0x00492cfb                sound
                0x004935cb                isspritemakingsound
                0x00492190                SoundStartup
                0x00492fe8                stopsound
                0x0049235a                USRHOOKS_FreeMem
 .text          0x00493600      0x420 obj/rts.o
                0x0049389c                RTS_NumSounds
                0x00493980                RTS_GetSound
                0x004938d6                RTS_GetSoundName
                0x004938a3                RTS_SoundLength
                0x004937ea                RTS_Init
                0x00493908                RTS_ReadLump
                0x00493600                RTS_AddFile
 .text          0x00493a20       0x10 obj/testcd.o
                0x00493a20                testcd
 .text          0x00493a30      0x470 obj/osdfuncs.o
                0x00493adc                GAME_drawosdstr
                0x00493ca9                GAME_getrowheight
                0x00493cde                GAME_clearbackground
                0x00493a30                GAME_drawosdchar
                0x00493c90                GAME_getcolumnwidth
                0x00493cb1                GAME_onshowosd
                0x00493bc9                GAME_drawosdcursor
 .text          0x00493ea0     0x1440 obj/osdcmds.o
                0x00494b44                osdcmd_exec
                0x00494d2a                osdcmd_sensitivity
                0x004949f5                osdcmd_setvar
                0x00494e04                osdcmd_give
                0x00495091                registerosdcommands
                0x00494ff8                onvideomodechange
                0x00494d82                osdcmd_gamma
                0x0049433f                osdcmd_noclip
                0x00494af8                osdcmd_cmenu
                0x00494ba1                osdcmd_cvar_set
                0x00493f0f                osdcmd_echo
                0x00494172                osdcmd_map
                0x0049437f                osdcmd_fileinfo
                0x00493f64                osdcmd_changelevel
                0x00493ea0                osdcmd_quit
                0x004942ff                osdcmd_god
 .text          0x004952e0      0x170 obj/util_lib.o
                0x00495440                IntelShort
                0x00495347                SafeMalloc
                0x00495382                SafeFree
                0x0049544b                IntelLong
                0x004953a7                SafeRealloc
                0x004952e0                RegisterShutdownFunction
                0x00495446                MotoLong
                0x004952ea                CheckParm
                0x004953f4                ParseHex
                0x00495417                ParseNum
                0x0049543a                MotoShort
 .text          0x00495450      0x270 obj/file_lib.o
                0x0049561c                SafeRead
                0x00495600                SafeFileLength
                0x00495507                SafeOpenRead
                0x00495566                SafeClose
                0x00495450                SafeOpen
                0x004955dd                SafeFileExists
 .text          0x004956c0     0x12f0 obj/control.o
                0x00496556                CONTROL_ClearUserInput
                0x0049593d                CONTROL_MapKey
                0x004960ce                CONTROL_PollDevices
                0x00495710                CONTROL_SetMouseSensitivity
                0x00495ae0                CONTROL_MapButton
                0x00495e4c                CONTROL_GetDeviceButtons
                0x0049576a                CONTROL_StartJoy
                0x00495797                CONTROL_CheckRange
                0x00495b4e                CONTROL_MapAnalogAxis
                0x0049571f                CONTROL_StartMouse
                0x00496767                CONTROL_Startup
                0x0049636b                CONTROL_GetUserInput
                0x00495705                CONTROL_GetMouseSensitivity
                0x00496766                CONTROL_Ack
                0x00496765                CONTROL_WaitRelease
                0x00495c43                CONTROL_ClearFlags
                0x00495992                CONTROL_PrintKeyMap
                0x004962c8                CONTROL_ButtonFunctionState
                0x00496973                CONTROL_Shutdown
                0x004956c0                CONTROL_GetMouseDelta
                0x00495c59                CONTROL_ClearAssignments
                0x00495736                CONTROL_FilterJoyDelta
                0x00496639                CONTROL_ClearButton
                0x00496013                CONTROL_ScaleAxis
                0x00495789                CONTROL_GetTime
                0x00495768                CONTROL_SetJoyScale
                0x00496683                CONTROL_GetInput
                0x00495f91                CONTROL_DigitizeAxis
                0x004958d6                CONTROL_DefineFlag
                0x00495735                CONTROL_GetJoyAbs
                0x004957fc                CONTROL_KeyboardFunctionPressed
                0x0049577e                CONTROL_ShutJoy
                0x00495bb3                CONTROL_MapDigitalAxis
                0x004959ce                CONTROL_PrintControlFlag
                0x00495915                CONTROL_FlagActive
                0x00496232                CONTROL_AxisFunctionState
                0x00495887                CONTROL_ClearKeyboardFunction
                0x00495a1c                CONTROL_PrintAxes
                0x00495b83                CONTROL_SetAnalogAxisScale
                0x004957a3                CONTROL_SetFlag
                0x00495769                CONTROL_CenterJoystick
                0x00495737                CONTROL_GetJoyDelta
                0x0049604f                CONTROL_ApplyAxis
 .text          0x004969b0      0x120 obj/keyboard.o
                0x00496a67                KB_TurnKeypadOn
                0x00496a72                KB_TurnKeypadOff
                0x00496a02                KB_ScanCodeToString
                0x00496a27                KB_StringToScanCode
                0x004969cc                KB_FlushKeyboardQueue
                0x004969cb                KB_Addch
                0x00496a94                KB_Startup
                0x004969bc                KB_Getch
                0x004969b0                KB_KeyWaiting
                0x004969d8                KB_ClearKeysDown
                0x00496a7d                KB_KeypadActive
                0x00496ab1                KB_Shutdown
 .text          0x00496ad0       0x70 obj/mouse.o
                0x00496ad0                MOUSE_Init
                0x00496af6                MOUSE_GetButtons
                0x00496b1f                MOUSE_GetPosition
                0x00496af5                MOUSE_HideCursor
                0x00496ae8                MOUSE_Shutdown
                0x00496b0d                MOUSE_ClearButton
                0x00496af4                MOUSE_ShowCursor
                0x00496b20                MOUSE_GetDelta
 .text          0x00496b40       0xa0 obj/mathutil.o
                0x00496b87                FindDistance3D
                0x00496b40                FindDistance2D
 .text          0x00496be0     0x1720 obj/scriplib.o
                0x0049751b                SCRIPT_Init
                0x00497a95                SCRIPT_GetDoubleString
                0x00497615                SCRIPT_Save
                0x00497eb0                SCRIPT_GetDouble
                0x00496c43                SCRIPT_Delete
                0x004977a0                SCRIPT_Section
                0x00496e70                SCRIPT_EntryExists
                0x00497cd6                SCRIPT_GetNumber
                0x00496dad                SCRIPT_AddSection
                0x00497f05                SCRIPT_PutComment
                0x004982ac                SCRIPT_PutDouble
                0x00497f06                SCRIPT_PutEOL
                0x00496ed4                SCRIPT_AddEntry
                0x00496be0                SCRIPT_New
                0x00497953                SCRIPT_GetString
                0x0049756c                SCRIPT_Load
                0x00497f4e                SCRIPT_PutString
                0x0049787a                SCRIPT_Entry
                0x00497f07                SCRIPT_PutMultiComment
                0x00498201                SCRIPT_PutNumber
                0x00498269                SCRIPT_PutBoolean
                0x00497553                SCRIPT_Free
                0x0049804a                SCRIPT_PutDoubleString
                0x00497566                SCRIPT_Parse
                0x00496ce2                SCRIPT_FreeSection
                0x00497807                SCRIPT_NumberEntries
                0x00496d33                SCRIPT_SectionExists
                0x004978fa                SCRIPT_GetRaw
                0x00497f23                SCRIPT_PutRaw
                0x00497f08                SCRIPT_PutSection
                0x00497752                SCRIPT_NumberSections
                0x00496fca                SCRIPT_ParseBuffer
                0x00497d93                SCRIPT_GetBoolean
 .text          0x00498300      0x140 obj/winbits.o
                0x004983c5                Error
                0x00498300                Win_YesNoBox
                0x00498368                Win_MsgBox
 .text          0x00498440     0x1b10 obj/midi.o
                0x00499903                MIDI_GetSongLength
                0x00499457                MIDI_SetDivision
                0x00499052                MIDI_SetVolume
                0x0049913a                MIDI_PauseSong
                0x0049946a                MIDI_GetTempo
                0x004997f9                MIDI_SetSongPosition
                0x004990ce                MIDI_GetVolume
                0x00499111                MIDI_SetLoopFlag
                0x00498dd4                MIDI_AllNotesOff
                0x00499f1d                MIDI_UpdateMusic
                0x00499740                MIDI_SetSongTime
                0x0049915e                MIDI_SongPlaying
                0x004998bf                MIDI_GetSongPosition
                0x00498f9e                MIDI_Reset
                0x00499d91                MIDI_LoadTimbres
                0x00499164                MIDI_SetMidiFuncs
                0x0049916e                MIDI_StopSong
                0x00498dbc                MIDI_RerouteMidiChannel
                0x004996cf                MIDI_SetSongTick
                0x0049911b                MIDI_ContinueSong
                0x00499206                MIDI_PlaySong
                0x00498f0f                MIDI_SetUserChannelVolume
                0x004990f8                MIDI_SetContext
                0x0049940f                MIDI_SetTempo
                0x00498f54                MIDI_ResetUserChannelVolume
                0x0049910b                MIDI_GetContext
 .text          0x00499f50      0x680 obj/mpu401.o
                0x0049a036                MPU_Pause
                0x0049a35a                MPU_Init
                0x0049a5c6                MPU_SetVolume
                0x0049a41c                MPU_NoteOn
                0x0049a260                MPU_SendMidiImmediate
                0x0049a452                MPU_PolyAftertouch
                0x0049a4be                MPU_ProgramChange
                0x0049a056                MPU_Unpause
                0x0049a54e                MPU_SetTempo
                0x0049a5c7                MPU_GetVolume
                0x0049a488                MPU_ControlChange
                0x0049a32e                MPU_Reset
                0x0049a518                MPU_PitchBend
                0x0049a3e6                MPU_NoteOff
                0x0049a00c                MPU_BeginPlayback
                0x0049a590                MPU_SetDivision
                0x00499f50                MPU_FinishBuffer
                0x0049a0dd                MPU_GetNextBuffer
                0x0049a4eb                MPU_ChannelAftertouch
                0x0049a0f9                MPU_SendMidi
                0x0049a076                MPU_MIDICallback@20
 .text          0x0049a5d0      0x2f0 obj/music.o
                0x0049a78f                MUSIC_GetContext
                0x0049a6aa                MUSIC_SetMidiChannelVolume
                0x0049a742                MUSIC_PlaySong
                0x0049a77c                MUSIC_SetContext
                0x0049a7ae                MUSIC_SetSongTime
                0x0049a6eb                MUSIC_SetLoopFlag
                0x0049a86e                MUSIC_FadeVolume
                0x0049a7e4                MUSIC_GetSongPosition
                0x0049a88c                MUSIC_StopFade
                0x0049a6fe                MUSIC_SongPlaying
                0x0049a70a                MUSIC_Continue
                0x0049a886                MUSIC_FadeActive
                0x0049a79b                MUSIC_SetSongTick
                0x0049a8a9                MUSIC_Update
                0x0049a716                MUSIC_Pause
                0x0049a6d1                MUSIC_GetVolume
                0x0049a5d0                MUSIC_ErrorString
                0x0049a722                MUSIC_StopSong
                0x0049a80a                MUSIC_InitMidi
                0x0049a7f7                MUSIC_GetSongLength
                0x0049a7c1                MUSIC_SetSongPosition
                0x0049a88d                MUSIC_RerouteMidiChannel
                0x0049a62d                MUSIC_Init
                0x0049a6c5                MUSIC_ResetMidiChannelVolumes
                0x0049a667                MUSIC_Shutdown
                0x0049a8a8                MUSIC_RegisterTimbreBank
                0x0049a678                MUSIC_SetVolume
 .text          0x0049a8c0       0xd0 obj/pitch.o
                0x0049a8c0                PITCH_GetScale
 .text          0x0049a990     0x2380 obj/multivoc.o
                0x0049bb90                MV_SetReverbDelay
                0x0049bb00                MV_SetReverb
                0x0049c435                MV_PlayVOC3D
                0x0049c4ed                MV_PlayVOC
                0x0049c19a                MV_PlayLoopedWAV
                0x0049c90f                MV_SetCallBack
                0x0049b99f                MV_EndLooping
                0x0049b459                MV_Kill
                0x0049cc27                MV_Shutdown
                0x0049bbee                MV_SetMixMode
                0x0049c8da                MV_SetVolume
                0x0049b622                MV_VoiceAvailable
                0x0049b4e4                MV_VoicesPlaying
                0x0049bd0e                MV_StartPlayback
                0x0049bf1d                MV_PlayRaw
                0x0049c929                MV_Init
                0x0049ba14                MV_SetPan
                0x0049bdcc                MV_StopPlayback
                0x0049c69d                MV_CreateVolumeTable
                0x0049bf80                MV_PlayLoopedRaw
                0x0049c919                MV_SetReverseStereo
                0x0049c540                MV_PlayLoopedVOC
                0x0049a990                ClearBuffer_DW
                0x0049c923                MV_GetReverseStereo
                0x0049ba7d                MV_Pan3D
                0x0049b3d6                MV_VoicePlaying
                0x0049c08f                MV_PlayWAV
                0x0049bb3e                MV_SetFastReverb
                0x0049c0e2                MV_PlayWAV3D
                0x0049b756                MV_SetFrequency
                0x0049b6f6                MV_SetPitch
                0x0049b40b                MV_KillAllVoices
                0x0049be24                MV_StartDemandFeedPlayback
                0x0049a9ab                MV_ErrorString
                0x0049bb83                MV_GetReverbDelay
                0x0049b926                MV_SetVoiceVolume
                0x0049c909                MV_GetVolume
                0x0049bb68                MV_GetMaxReverbDelay
 .text          0x0049cd10       0xb0 obj/ll_man.o
                0x0049cd10                LL_AddNode
                0x0049cd55                LL_RemoveNode
 .text          0x0049cdc0      0x6b0 obj/fx_man.o
                0x0049d3f7                FX_StartDemandFeedPlayback
                0x0049d171                FX_PlayLoopedWAV
                0x0049d385                FX_SoundActive
                0x0049cef9                FX_SetVolume
                0x0049cf75                FX_SetReverbDelay
                0x0049d455                AudioUpdate
                0x0049cf4a                FX_SetFastReverb
                0x0049cf69                FX_GetReverbDelay
                0x0049cf88                FX_VoiceAvailable
                0x0049cf0c                FX_GetVolume
                0x0049d05f                FX_PlayVOC
                0x0049d030                FX_SetFrequency
                0x0049cf9b                FX_EndLooping
                0x0049d0b5                FX_PlayLoopedVOC
                0x0049d2d9                FX_PlayLoopedRaw
                0x0049d225                FX_PlayWAV3D
                0x0049cee1                FX_SetCallBack
                0x0049d3d1                FX_StopAllSounds
                0x0049d398                FX_SoundsPlaying
                0x0049d34f                FX_Pan3D
                0x0049d001                FX_SetPitch
                0x0049cfc2                FX_SetPan
                0x0049cf37                FX_SetReverb
                0x0049ceaa                FX_Shutdown
                0x0049d273                FX_PlayRaw
                0x0049d11b                FX_PlayWAV
                0x0049d3a4                FX_StopSound
                0x0049cf2b                FX_GetReverseStereo
                0x0049cf18                FX_SetReverseStereo
                0x0049d1d7                FX_PlayVOC3D
                0x0049ce1d                FX_Init
                0x0049cdc0                FX_ErrorString
                0x0049cf5d                FX_GetMaxReverbDelay
 .text          0x0049d470      0xc00 obj/dsoundout.o
                0x0049d470                DisableInterrupts
                0x0049d96c                DSOUND_Shutdown
                0x0049d4c2                DSOUND_ErrorString
                0x0049df56                DSOUND_StopPlayback
                0x0049d499                RestoreInterrupts
                0x0049dae6                DSOUND_SetMixMode
                0x0049d557                DSOUND_Init
                0x0049dc82                DSOUND_BeginBufferedPlayback
 .text          0x0049e070    0x42220 eobj/libengine.a(engine.o)
                0x004d4f30                drawrooms
                0x004db5f0                setviewback
                0x004a5a30                testvisiblemost
                0x004e0240                getrendermode
                0x004d6700                clipmove
                0x004ac770                gloadtile_cached
                0x004d5890                changespritesect
                0x004da940                setvgapalette
                0x0049f0b0                partition
                0x004da9d0                setbrightness
                0x004a02d0                md_defineskin
                0x004a3d00                gltexmayhavealpha
                0x004a3e00                gltexapplyprops
                0x004a7ab0                dxtfilter
                0x004a5950                vsinsaft
                0x0049e110                hicinit
                0x004a4230                polymost_glinit
                0x004db3e0                setviewtotile
                0x004dae80                setpalettefade
                0x004d1760                inside
                0x004db770                squarerotatetile
                0x004a5320                trytexcache
                0x004a4330                resizeglcheck
                0x004df010                printext16
                0x004ad730                polymost_precache
                0x004d4250                polymost_drawrooms
                0x004c8cc0                drawmasks
                0x004cea20                lastwall
                0x004d59a0                changespritestat
                0x004d13d0                qloadkvx
                0x004a5e30                getceilzofslope
                0x004a0210                md_definehud
                0x004d0320                loadmaphack
                0x004d1500                clipinsidebox
                0x004b2210                loadtile
                0x0049e2a0                hicsetsubsttex
                0x004d9e70                setaspect
                0x004d2bd0                hitscan
                0x004df150                printext256
                0x004dd1c0                clear2dscreen
                0x004a4df0                gloadtile_art
                0x004bf270                polymost_drawsprite
                0x004a2df0                md_loadmodel
                0x004d1200                copytilepiece
                0x004d1650                clipinsideboxline
                0x004a9710                mddraw
                0x004dd210                draw2dgrid
                0x004d5980                deletesprite
                0x004d0300                insertsprite
                0x0049e090                loadvoxel
                0x004a05f0                md_setmisc
                0x004d5850                krecip
                0x004db220                plotpixel
                0x004a7900                polymost_initosdfuncs
                0x0049ed20                md_undefinetile
                0x004a7ec0                writexcache
                0x0049e1f0                hicsetpalettetint
                0x004a6b70                setpolymost2dview
                0x004dbc80                alignflorslope
                0x004dbdb0                loopnumofsector
                0x004db830                preparemirror
                0x004a0640                md_undefinemodel
                0x0049e080                kfree
                0x004d9f00                setview
                0x004d8d30                updatesectorz
                0x004adc70                polymost_fillpolygon
                0x004dc210                drawline256
                0x004a0520                md_defineframe
                0x004a5ab0                getzsofslope
                0x004c8b00                uninitengine
                0x004a4140                polymost_glreset
                0x004dabc0                setgamemode
                0x004d1910                loadoldboard
                0x004b86f0                drawpoly
                0x004dba90                sectorofwall
                0x004dfc50                screencapture_pcx
                0x004a3dc0                gltexinvalidateall
                0x004cea70                drawmapview
                0x004a5ce0                getflorzofslope
                0x004da050                flushperms
                0x004e0200                setrendermode
                0x0049e410                hicsetskybox
                0x004d8fc0                getmousevalues
                0x004d88c0                pushmove
                0x004d5810                ksqrt
                0x004a45e0                fixtransparency
                0x004dcf20                qsetmode640350
                0x004ac980                gloadtile_hi
                0x004a58d0                vsdel
                0x004d6620                dragpoint
                0x004a6c70                polymost_printext256
                0x004d0d10                loadpics
                0x004d0980                clearallviews
                0x004d1110                allocatepermanenttile
                0x004dd0b0                qsetmodeany
                0x004da510                makepalookup
                0x004dcb20                drawcircle16
                0x004c83c0                initengine
                0x004d0af0                nextpage
                0x004da060                rotatesprite
                0x004d56f0                getangle
                0x004db370                getpixel
                0x0049f220                gloadtex
                0x004a3d50                gltexinvalidate
                0x004d58f0                setsprite
                0x004a26a0                mdload
                0x004c8bd0                initspritelists
                0x004d8ff0                krand
                0x0049e6a0                drawline2d
                0x004dd4d0                draw2dscreen
                0x004dbb50                alignceilslope
                0x004e01d0                screencapture
                0x004bb620                polymost_dorotatesprite
                0x0049ff40                mdfree
                0x004d5a00                nextsectorneighborz
                0x004a0430                md_defineanimation
                0x004d5d60                neartag
                0x004a5500                initmosts
                0x0049e070                kmalloc
                0x004dc6e0                drawline16
                0x004ad800                polymost_drawtilescreen
                0x004d8f00                rotatepoint
                0x0049e5d0                hicclearsubst
                0x0049ed50                mdloadskin_trytexcache
                0x004d9010                getzrange
                0x004dbe10                setfirstwall
                0x004db940                completemirror
                0x004db050                clearview
                0x004d0540                saveboard
                0x0049f1b0                quicksort
                0x004e0250                setrollangle
                0x004db540                invalidatetile
                0x004d5ad0                cansee
                0x004d1830                updatesector
                0x0049ec10                md_tilehasmodel
                0x004dcfd0                qsetmode640480
                0x004c1df0                domost
                0x004a8460                dedxtfilter
                0x004d2680                loadboard
                0x004c0a90                polymost_drawmaskwall
                0x004df5c0                screencapture_tga
 .text          0x004e0290     0x7090 eobj/libengine.a(winlayer.o)
                0x004e0a90                debugprintf
                0x004e13f0                handleevents
                0x004e0b30                readmousexy
                0x004e53f0                setvideomode
                0x004e69d0                initsystem
                0x004e2990                getvalidmodes
                0x004e2180                grabmouse
                0x004e0af0                bflushchars
                0x004e0aa0                bgetchar
                0x004e1300                sampletimer
                0x004e0400                wm_ynbox
                0x004e60d0                inittimer
                0x004e0980                win_getstartupwin
                0x004e6cd0                WinMain@16
                0x004e1260                getticks
                0x004e0b90                readmousebstatus
                0x004e3e90                setgamma
                0x004e1160                getkeyname
                0x004e2880                gettimerfreq
                0x004e02a0                win_gethinstance
                0x004e2fe0                begindrawing
                0x004e09d0                win_getstartupcommand
                0x004e0290                win_gethwnd
                0x004e2fd0                resetvideomode
                0x004e0dc0                releaseallbuttons
                0x004e21c0                uninitmouse
                0x004e1180                getjoyname
                0x004e0b00                setkeypresscallback
                0x004e0ad0                bkbhit
                0x004e38b0                showframe
                0x004e02b0                win_allowtaskswitching
                0x004e0b10                setmousepresscallback
                0x004e0360                win_checkinstance
                0x004e0a60                uninittimer
                0x004e30e0                enddrawing
                0x004e0470                wm_setapptitle
                0x004e1d70                initprintf
                0x004e49f0                uninitsystem
                0x004e21f0                getjoydeadzone
                0x004e2340                setjoydeadzone
                0x004e03a0                wm_msgbox
                0x004e2720                uninitinput
                0x004e4630                setpalette
                0x004e61e0                initinput
                0x004e0b20                setjoypresscallback
                0x004e1250                installusertimercallback
                0x004e2e10                checkvideomode
                0x004e2490                initmouse
 .text          0x004e7320     0x1290 eobj/libengine.a(mmulti.o)
                0x004e7740                initmultiplayersparms
                0x004e7680                setpackettimeout
                0x004e7340                netinit
                0x004e8380                initmultiplayerscycle
                0x004e76e0                sendlogoff
                0x004e75d0                isvalidipaddress
                0x004e7d00                dosendpackets
                0x004e7730                uninitmultiplayers
                0x004e7f30                getpacket
                0x004e76d0                sendlogon
                0x004e76a0                getoutputcirclesize
                0x004e7520                netread
                0x004e7690                genericmultifunction
                0x004e7320                netuninit
                0x004e76c0                flushpackets
                0x004e8490                initmultiplayers
                0x004e74a0                netsend
                0x004e84e0                sendpacket
                0x004e76b0                setsocket
 .text          0x004e85b0     0x2d90 eobj/libengine.a(cache1d.o)
                0x004e87a0                agecache
                0x004e9a70                kfilelength
                0x004e9c30                kclose
                0x004e86a0                suckcache
                0x004e8fb0                fopenfrompath
                0x004e94d0                uninitgroupfile
                0x004e9390                uninitsinglegroupfile
                0x004eb020                dfwrite
                0x004e8610                initcache
                0x004e8f50                openfrompath
                0x004e9900                klseek
                0x004ea800                dfread
                0x004e8cf0                addsearchpath
                0x004e8e00                findfrompath
                0x004e9550                kopen4load
                0x004e8960                allocache
                0x004e9dc0                klistfree
                0x004ea540                kdfread
                0x004e90b0                initgroupfile
                0x004e9750                kread
                0x004e9b40                ktell
                0x004e9df0                klistpath
                0x004ead30                kdfwrite
 .text          0x004eb340     0x1d20 eobj/libengine.a(osd.o)
                0x004eb8c0                OSD_SetParameters
                0x004ec250                OSD_Dispatch
                0x004ebab0                OSD_Draw
                0x004eb700                OSD_SetFunctions
                0x004eb900                OSD_CaptureKey
                0x004ebe40                OSD_RegisterFunction
                0x004ec0f0                OSD_Printf
                0x004eb690                OSD_SetLogFile
                0x004eb910                OSD_ResizeDisplay
                0x004eba50                OSD_ShowDisplay
                0x004eb650                OSD_Cleanup
                0x004ec050                OSD_Init
                0x004ec5e0                OSD_HandleKey
                0x004ec3c0                OSD_DispatchQueued
 .text          0x004ed060     0x2510 eobj/libengine.a(defs.o)
                0x004ef530                loaddefinitionsfile
 .text          0x004ef570      0x750 eobj/libengine.a(compat.o)
                0x004ef680                Bopendir
                0x004efbf0                Bwildmatch
                0x004ef840                Bstrtoken
                0x004ef570                Bgethomedir
                0x004ef810                Bclosedir
                0x004ef650                Bfilelength
                0x004ef5c0                Bgetsystemdrives
                0x004ef6e0                Breaddir
                0x004ef900                Bcorrectfilename
                0x004efaa0                Bcanonicalisefilename
                0x004efca0                Bgetsysmemsize
 .text          0x004efcc0      0x160 eobj/libengine.a(pragmas.o)
                0x004efcc0                boundmulscale
                0x004efcf0                clearbufbyte
                0x004efdc0                copybufreverse
                0x004efd50                copybufbyte
 .text          0x004efe20      0x510 eobj/libengine.a(baselayer.o)
                0x004f0270                baselayer_init
 .text          0x004f0330       0xe0 eobj/libengine.a(crc32.o)
                0x004f0330                initcrc32table
                0x004f0380                crc32init
                0x004f03c0                crc32finish
                0x004f0390                crc32block
                0x004f03d0                crc32once
 .text          0x004f0410      0xb90 eobj/libengine.a(glbuild.o)
                0x004f0530                unloadgldriver
                0x004f0750                loadgldriver
                0x004f04c0                loadglextensions
 .text          0x004f0fa0      0xc60 eobj/libengine.a(scriptfile.o)
                0x004f1720                scriptfile_fromfile
                0x004f1050                scriptfile_getlinum
                0x004f10b0                scriptfile_getstring
                0x004f1bb0                scriptfile_clearsymbols
                0x004f17f0                scriptfile_getsymbolvalue
                0x004f14e0                scriptfile_preparse
                0x004f1200                scriptfile_getdouble
                0x004f19d0                scriptfile_close
                0x004f1410                scriptfile_getbraces
                0x004f1100                scriptfile_getnumber
                0x004f1a60                scriptfile_addsymbolvalue
                0x004f1010                scriptfile_gettoken
                0x004f1930                scriptfile_fromstring
                0x004f1880                scriptfile_getsymbol
 .text          0x004f1c00      0x100 eobj/libengine.a(lzf_d.o)
                0x004f1c00                lzf_decompress
 .text          0x004f1d00      0x250 eobj/libengine.a(lzf_c.o)
                0x004f1d00                lzf_compress
 .text          0x004f1f50      0x7c0 eobj/libengine.a(md4.o)
                0x004f2620                md4finish
                0x004f2520                md4block
                0x004f26c0                md4once
                0x004f1f50                md4init
 .text          0x004f2710     0x7680 eobj/libengine.a(kplib.o)
                0x004f8ad0                kzopen
                0x004f4e50                kprender
                0x004f8d40                kzfindfilestart
                0x004f9c60                kpzload
                0x004f9c00                kzeof
                0x004f8760                kzuninit
                0x004f9080                kzread
                0x004f9bb0                kztell
                0x004f9bd0                kzgetc
                0x004f9b40                kzseek
                0x004f4be0                kpgetdim
                0x004f87b0                kzaddstack
                0x004f9c30                kzclose
                0x004f9b20                kzfilelength
                0x004f8d90                kzfindfile
 .text          0x004f9d90       0x30 c:/mingw/bin/../lib/gcc/mingw32/3.4.2/../../../libmingwex.a(snprintf.o)
                0x004f9d90                snprintf
 .text          0x004f9dc0      0x560 c:/mingw/bin/../lib/gcc/mingw32/3.4.2/../../../libmingwex.a(dirent.o)
                0x004fa1b0                rewinddir
                0x004fa210                telldir
                0x004fa150                closedir
                0x004fa000                readdir
                0x004f9dc0                opendir
                0x004fa250                seekdir
 .text          0x004fa320        0x8 c:/mingw/bin/../lib/gcc/mingw32/3.4.2/../../../libwinmm.a(dgtfs00084.o)
                0x004fa320                midiOutPrepareHeader@12
 *fill*         0x004fa328        0x8 00
 .text          0x004fa330        0x8 c:/mingw/bin/../lib/gcc/mingw32/3.4.2/../../../libwinmm.a(dgtfs00091.o)
                0x004fa330                midiStreamOut@12
 *fill*         0x004fa338        0x8 00
 .text          0x004fa340        0x8 c:/mingw/bin/../lib/gcc/mingw32/3.4.2/../../../libwinmm.a(dgtfs00095.o)
                0x004fa340                midiStreamRestart@4
 *fill*         0x004fa348        0x8 00
 .text          0x004fa350        0x8 c:/mingw/bin/../lib/gcc/mingw32/3.4.2/../../../libwinmm.a(dgtfs00092.o)
                0x004fa350                midiStreamPause@4
 *fill*         0x004fa358        0x8 00
 .text          0x004fa360        0x8 c:/mingw/bin/../lib/gcc/mingw32/3.4.2/../../../libwinmm.a(dgtfs00088.o)
                0x004fa360                midiOutUnprepareHeader@12
 *fill*         0x004fa368        0x8 00
 .text          0x004fa370        0x8 c:/mingw/bin/../lib/gcc/mingw32/3.4.2/../../../libwinmm.a(dgtfs00087.o)
                0x004fa370                midiOutShortMsg@8
 *fill*         0x004fa378        0x8 00
 .text          0x004fa380        0x8 c:/mingw/bin/../lib/gcc/mingw32/3.4.2/../../../libwinmm.a(dgtfs00081.o)
                0x004fa380                midiOutLongMsg@12
 *fill*         0x004fa388        0x8 00
 .text          0x004fa390        0x8 c:/mingw/bin/../lib/gcc/mingw32/3.4.2/../../../libwinmm.a(dgtfs00096.o)
                0x004fa390                midiStreamStop@4
 *fill*         0x004fa398        0x8 00
 .text          0x004fa3a0        0x8 c:/mingw/bin/../lib/gcc/mingw32/3.4.2/../../../libwinmm.a(dgtfs00089.o)
                0x004fa3a0                midiStreamClose@4
 *fill*         0x004fa3a8        0x8 00
 .text          0x004fa3b0        0x8 c:/mingw/bin/../lib/gcc/mingw32/3.4.2/../../../libwinmm.a(dgtfs00074.o)
                0x004fa3b0                midiOutGetDevCapsA@12
 *fill*         0x004fa3b8        0x8 00
 .text          0x004fa3c0        0x8 c:/mingw/bin/../lib/gcc/mingw32/3.4.2/../../../libwinmm.a(dgtfs00090.o)
                0x004fa3c0                midiStreamOpen@24
 *fill*         0x004fa3c8        0x8 00
 .text          0x004fa3d0        0x8 c:/mingw/bin/../lib/gcc/mingw32/3.4.2/../../../libwinmm.a(dgtfs00094.o)
                0x004fa3d0                midiStreamProperty@12
 *fill*         0x004fa3d8        0x8 00
 .text          0x004fa3e0        0x8 c:/mingw/bin/../lib/gcc/mingw32/3.4.2/../../../libwsock32.a(deoes00037.o)
                0x004fa3e0                closesocket@4
 *fill*         0x004fa3e8        0x8 00
 .text          0x004fa3f0        0x8 c:/mingw/bin/../lib/gcc/mingw32/3.4.2/../../../libwsock32.a(deoes00025.o)
                0x004fa3f0                WSACleanup@0
 *fill*         0x004fa3f8        0x8 00
 .text          0x004fa400        0x8 c:/mingw/bin/../lib/gcc/mingw32/3.4.2/../../../libwsock32.a(deoes00031.o)
                0x004fa400                WSAStartup@8
 *fill*         0x004fa408        0x8 00
 .text          0x004fa410        0x8 c:/mingw/bin/../lib/gcc/mingw32/3.4.2/../../../libwsock32.a(deoes00072.o)
                0x004fa410                socket@12
 *fill*         0x004fa418        0x8 00
 .text          0x004fa420        0x8 c:/mingw/bin/../lib/gcc/mingw32/3.4.2/../../../libwsock32.a(deoes00056.o)
                0x004fa420                ioctlsocket@12
 *fill*         0x004fa428        0x8 00
 .text          0x004fa430        0x8 c:/mingw/bin/../lib/gcc/mingw32/3.4.2/../../../libwsock32.a(deoes00052.o)
                0x004fa430                htons@4
 *fill*         0x004fa438        0x8 00
 .text          0x004fa440        0x8 c:/mingw/bin/../lib/gcc/mingw32/3.4.2/../../../libwsock32.a(deoes00036.o)
                0x004fa440                bind@12
 *fill*         0x004fa448        0x8 00
 .text          0x004fa450        0x8 c:/mingw/bin/../lib/gcc/mingw32/3.4.2/../../../libwsock32.a(deoes00042.o)
                0x004fa450                gethostname@8
 *fill*         0x004fa458        0x8 00
 .text          0x004fa460        0x8 c:/mingw/bin/../lib/gcc/mingw32/3.4.2/../../../libwsock32.a(deoes00041.o)
                0x004fa460                gethostbyname@4
 *fill*         0x004fa468        0x8 00
 .text          0x004fa470        0x8 c:/mingw/bin/../lib/gcc/mingw32/3.4.2/../../../libwsock32.a(deoes00055.o)
                0x004fa470                inet_ntoa@4
 *fill*         0x004fa478        0x8 00
 .text          0x004fa480        0x8 c:/mingw/bin/../lib/gcc/mingw32/3.4.2/../../../libwsock32.a(deoes00068.o)
                0x004fa480                sendto@24
 *fill*         0x004fa488        0x8 00
 .text          0x004fa490        0x8 c:/mingw/bin/../lib/gcc/mingw32/3.4.2/../../../libwsock32.a(deoes00062.o)
                0x004fa490                recvfrom@24
 *fill*         0x004fa498        0x8 00
 .text          0x004fa4a0        0x8 c:/mingw/bin/../lib/gcc/mingw32/3.4.2/../../../libwsock32.a(deoes00053.o)
                0x004fa4a0                inet_addr@4
 *fill*         0x004fa4a8        0x8 00
 .text          0x004fa4b0        0x8 c:/mingw/bin/../lib/gcc/mingw32/3.4.2/../../../libwsock32.a(deoes00059.o)
                0x004fa4b0                ntohs@4
 *fill*         0x004fa4b8        0x8 00
 .text          0x004fa4c0      0x3c0 c:/mingw/bin/../lib/gcc/mingw32/3.4.2/../../../libdxguid.a(dxguid.o)
                0x004fa770                GUID_POV
                0x004fa720                GUID_RyAxis
                0x004fa640                CLSID_DirectInputDevice
                0x004fa570                IID_IDirectDrawColorControl
                0x004fa5f0                IID_IDirectSoundCapture
                0x004fa550                IID_IDirectDrawPalette
                0x004fa4d0                CLSID_DirectDrawClipper
                0x004fa760                GUID_Key
                0x004fa6a0                IID_IDirectInputDeviceW
                0x004fa790                GUID_SysMouse
                0x004fa670                IID_IDirectInput2A
                0x004fa4c0                CLSID_DirectDraw
                0x004fa690                IID_IDirectInputDeviceA
                0x004fa610                IID_IDirectSoundNotify
                0x004fa540                IID_IDirectDrawSurface4
                0x004fa7a0                GUID_SysKeyboard
                0x004fa5d0                IID_IDirectSound3DListener
                0x004fa750                GUID_Button
                0x004fa810                GUID_SawtoothUp
                0x004fa4f0                IID_IDirectDraw2
                0x004fa680                IID_IDirectInput2W
                0x004fa4e0                IID_IDirectDraw
                0x004fa700                GUID_ZAxis
                0x004fa7b0                GUID_Joystick
                0x004fa800                GUID_Triangle
                0x004fa5a0                CLSID_DirectSoundCapture
                0x004fa590                CLSID_DirectSound
                0x004fa520                IID_IDirectDrawSurface2
                0x004fa780                GUID_Unknown
                0x004fa820                GUID_SawtoothDown
                0x004fa660                IID_IDirectInputW
                0x004fa510                IID_IDirectDrawSurface
                0x004fa500                IID_IDirectDraw4
                0x004fa600                IID_IDirectSoundCaptureBuffer
                0x004fa7c0                GUID_ConstantForce
                0x004fa7e0                GUID_Square
                0x004fa5b0                IID_IDirectSound
                0x004fa830                GUID_Spring
                0x004fa730                GUID_RzAxis
                0x004fa5c0                IID_IDirectSoundBuffer
                0x004fa6d0                IID_IDirectInputEffect
                0x004fa7d0                GUID_RampForce
                0x004fa840                GUID_Damper
                0x004fa6c0                IID_IDirectInputDevice2W
                0x004fa870                GUID_CustomForce
                0x004fa620                IID_IKsPropertySet
                0x004fa7f0                GUID_Sine
                0x004fa580                IID_IDirectDrawGammaControl
                0x004fa850                GUID_Inertia
                0x004fa6b0                IID_IDirectInputDevice2A
                0x004fa630                CLSID_DirectInput
                0x004fa710                GUID_RxAxis
                0x004fa530                IID_IDirectDrawSurface3
                0x004fa6e0                GUID_XAxis
                0x004fa860                GUID_Friction
                0x004fa6f0                GUID_YAxis
                0x004fa560                IID_IDirectDrawClipper
                0x004fa5e0                IID_IDirectSound3DBuffer
                0x004fa650                IID_IDirectInputA
                0x004fa740                GUID_Slider
 .text          0x004fa880      0x120 c:/mingw/bin/../lib/gcc/mingw32/3.4.2/../../../libmingw32.a(main.o)
                0x004fa880                main
 .text          0x004fa9a0       0x30 c:/mingw/bin/../lib/gcc/mingw32/3.4.2/../../../libmingw32.a(pseudo-reloc.o)
                0x004fa9a0                _pei386_runtime_relocator
 .text          0x004fa9d0       0x10 c:/mingw/bin/../lib/gcc/mingw32/3.4.2/../../../libmingw32.a(CRT_fp10.o)
                0x004fa9d0                _fpreset
                0x004fa9d0                fpreset
 .text          0x004fa9e0      0x100 c:/mingw/bin/../lib/gcc/mingw32/3.4.2/../../../libmingw32.a(gccmain.o)
                0x004faa70                __main
                0x004fa9e0                __do_global_dtors
                0x004faa10                __do_global_ctors
 .text          0x004faae0      0x2f0 c:/mingw/bin/../lib/gcc/mingw32/3.4.2/libgcc.a(w32-shared-ptr.o)
                0x004fab90                __w32_sharedptr_initialize
 .text          0x004fadd0       0x30 c:/mingw/bin/../lib/gcc/mingw32/3.4.2/libgcc.a(_chkstk.o)
                0x004fadd0                __chkstk
                0x004fadd0                _alloca
 .text          0x004fae00      0x160 c:/mingw/bin/../lib/gcc/mingw32/3.4.2/libgcc.a(_divdi3.o)
                0x004fae00                __divdi3
 .text          0x004faf60       0x50 c:/mingw/bin/../lib/gcc/mingw32/3.4.2/libgcc.a(_eprintf.o)
                0x004faf60                __eprintf
 .text          0x004fafb0        0x8 c:/mingw/bin/../lib/gcc/mingw32/3.4.2/../../../libmoldname.a(duuds00002.o)
                0x004fafb0                chdir
 *fill*         0x004fafb8        0x8 00
 .text          0x004fafc0        0x8 c:/mingw/bin/../lib/gcc/mingw32/3.4.2/../../../libmoldname.a(duuds00055.o)
                0x004fafc0                mkdir
 *fill*         0x004fafc8        0x8 00
 .text          0x004fafd0        0x8 c:/mingw/bin/../lib/gcc/mingw32/3.4.2/../../../libmoldname.a(duuds00037.o)
                0x004fafd0                getcwd
 *fill*         0x004fafd8        0x8 00
 .text          0x004fafe0        0x8 c:/mingw/bin/../lib/gcc/mingw32/3.4.2/../../../libmoldname.a(duuds00000.o)
                0x004fafe0                access
 *fill*         0x004fafe8        0x8 00
 .text          0x004faff0        0x8 c:/mingw/bin/../lib/gcc/mingw32/3.4.2/../../../libmoldname.a(duuds00081.o)
                0x004faff0                strdup
 *fill*         0x004faff8        0x8 00
 .text          0x004fb000        0x8 c:/mingw/bin/../lib/gcc/mingw32/3.4.2/../../../libmoldname.a(duuds00064.o)
                0x004fb000                read
 *fill*         0x004fb008        0x8 00
 .text          0x004fb010        0x8 c:/mingw/bin/../lib/gcc/mingw32/3.4.2/../../../libmoldname.a(duuds00006.o)
                0x004fb010                close
 *fill*         0x004fb018        0x8 00
 .text          0x004fb020        0x8 c:/mingw/bin/../lib/gcc/mingw32/3.4.2/../../../libmoldname.a(duuds00110.o)
                0x004fb020                write
 *fill*         0x004fb028        0x8 00
 .text          0x004fb030        0x8 c:/mingw/bin/../lib/gcc/mingw32/3.4.2/../../../libmoldname.a(duuds00058.o)
                0x004fb030                open
 *fill*         0x004fb038        0x8 00
 .text          0x004fb040        0x8 c:/mingw/bin/../lib/gcc/mingw32/3.4.2/../../../libmoldname.a(duuds00079.o)
                0x004fb040                stat
 *fill*         0x004fb048        0x8 00
 .text          0x004fb050        0x8 c:/mingw/bin/../lib/gcc/mingw32/3.4.2/../../../libmoldname.a(duuds00051.o)
                0x004fb050                lseek
 *fill*         0x004fb058        0x8 00
 .text          0x004fb060        0x8 c:/mingw/bin/../lib/gcc/mingw32/3.4.2/../../../libmoldname.a(duuds00023.o)
                0x004fb060                fdopen
 *fill*         0x004fb068        0x8 00
 .text          0x004fb070        0x8 c:/mingw/bin/../lib/gcc/mingw32/3.4.2/../../../libmoldname.a(duuds00032.o)
                0x004fb070                fstat
 *fill*         0x004fb078        0x8 00
 .text          0x004fb080        0x8 c:/mingw/bin/../lib/gcc/mingw32/3.4.2/../../../libmoldname.a(duuds00026.o)
                0x004fb080                filelength
 *fill*         0x004fb088        0x8 00
 .text          0x004fb090        0x8 c:/mingw/bin/../lib/gcc/mingw32/3.4.2/../../../libmsvcrt.a(dwpds00080.o)
                0x004fb090                __set_app_type
 *fill*         0x004fb098        0x8 00
 .text          0x004fb0a0        0x8 c:/mingw/bin/../lib/gcc/mingw32/3.4.2/../../../libmsvcrt.a(dwpds00121.o)
                0x004fb0a0                _cexit
 *fill*         0x004fb0a8        0x8 00
 .text          0x004fb0b0        0x8 c:/mingw/bin/../lib/gcc/mingw32/3.4.2/../../../libmsvcrt.a(dwpds00060.o)
                0x004fb0b0                __p__environ
 *fill*         0x004fb0b8        0x8 00
 .text          0x004fb0c0        0x8 c:/mingw/bin/../lib/gcc/mingw32/3.4.2/../../../libmsvcrt.a(dwpds00656.o)
                0x004fb0c0                signal
 *fill*         0x004fb0c8        0x8 00
 .text          0x004fb0d0        0x8 c:/mingw/bin/../lib/gcc/mingw32/3.4.2/../../../libmsvcrt.a(dwpds00062.o)
                0x004fb0d0                __p__fmode
 *fill*         0x004fb0d8        0x8 00
 .text          0x004fb0e0        0x8 c:/mingw/bin/../lib/gcc/mingw32/3.4.2/../../../libmsvcrt.a(dwpds00388.o)
                0x004fb0e0                _setmode
 *fill*         0x004fb0e8        0x8 00
 .text          0x004fb0f0        0x8 c:/mingw/bin/../lib/gcc/mingw32/3.4.2/../../../libmsvcrt.a(dwpds00039.o)
                0x004fb0f0                __getmainargs
 *fill*         0x004fb0f8        0x8 00
 .text          0x004fb100        0x8 c:/mingw/bin/../lib/gcc/mingw32/3.4.2/../../../libmsvcrt.a(dwpds00579.o)
                0x004fb100                fseek
 *fill*         0x004fb108        0x8 00
 .text          0x004fb110        0x8 c:/mingw/bin/../lib/gcc/mingw32/3.4.2/../../../libmsvcrt.a(dwpds00583.o)
                0x004fb110                fwrite
 *fill*         0x004fb118        0x8 00
 .text          0x004fb120        0x8 c:/mingw/bin/../lib/gcc/mingw32/3.4.2/../../../libmsvcrt.a(dwpds00587.o)
                0x004fb120                getenv
 *fill*         0x004fb128        0x8 00
 .text          0x004fb130        0x8 c:/mingw/bin/../lib/gcc/mingw32/3.4.2/../../../libmsvcrt.a(dwpds00680.o)
                0x004fb130                strtok
 *fill*         0x004fb138        0x8 00
 .text          0x004fb140        0x8 c:/mingw/bin/../lib/gcc/mingw32/3.4.2/../../../libmsvcrt.a(dwpds00563.o)
                0x004fb140                fgets
 *fill*         0x004fb148        0x8 00
 .text          0x004fb150        0x8 c:/mingw/bin/../lib/gcc/mingw32/3.4.2/../../../libmsvcrt.a(dwpds00575.o)
                0x004fb150                free
 *fill*         0x004fb158        0x8 00
 .text          0x004fb160        0x8 c:/mingw/bin/../lib/gcc/mingw32/3.4.2/../../../libmsvcrt.a(dwpds00676.o)
                0x004fb160                strrchr
 *fill*         0x004fb168        0x8 00
 .text          0x004fb170        0x8 c:/mingw/bin/../lib/gcc/mingw32/3.4.2/../../../libmsvcrt.a(dwpds00626.o)
                0x004fb170                malloc
 *fill*         0x004fb178        0x8 00
 .text          0x004fb180        0x8 c:/mingw/bin/../lib/gcc/mingw32/3.4.2/../../../libmsvcrt.a(dwpds00543.o)
                0x004fb180                atol
 *fill*         0x004fb188        0x8 00
 .text          0x004fb190        0x8 c:/mingw/bin/../lib/gcc/mingw32/3.4.2/../../../libmsvcrt.a(dwpds00664.o)
                0x004fb190                strchr
 *fill*         0x004fb198        0x8 00
 .text          0x004fb1a0        0x8 c:/mingw/bin/../lib/gcc/mingw32/3.4.2/../../../libmsvcrt.a(dwpds00545.o)
                0x004fb1a0                calloc
 *fill*         0x004fb1a8        0x8 00
 .text          0x004fb1b0        0x8 c:/mingw/bin/../lib/gcc/mingw32/3.4.2/../../../libmsvcrt.a(dwpds00570.o)
                0x004fb1b0                fputc
 *fill*         0x004fb1b8        0x8 00
 .text          0x004fb1c0        0x8 c:/mingw/bin/../lib/gcc/mingw32/3.4.2/../../../libmsvcrt.a(dwpds00569.o)
                0x004fb1c0                fprintf
 *fill*         0x004fb1c8        0x8 00
 .text          0x004fb1d0        0x8 c:/mingw/bin/../lib/gcc/mingw32/3.4.2/../../../libmsvcrt.a(dwpds00692.o)
                0x004fb1d0                tolower
 *fill*         0x004fb1d8        0x8 00
 .text          0x004fb1e0        0x8 c:/mingw/bin/../lib/gcc/mingw32/3.4.2/../../../libmsvcrt.a(dwpds00647.o)
                0x004fb1e0                rand
 *fill*         0x004fb1e8        0x8 00
 .text          0x004fb1f0        0x8 c:/mingw/bin/../lib/gcc/mingw32/3.4.2/../../../libmsvcrt.a(dwpds00663.o)
                0x004fb1f0                strcat
 *fill*         0x004fb1f8        0x8 00
 .text          0x004fb200        0x8 c:/mingw/bin/../lib/gcc/mingw32/3.4.2/../../../libmsvcrt.a(dwpds00554.o)
                0x004fb200                exit
 *fill*         0x004fb208        0x8 00
 .text          0x004fb210        0x8 c:/mingw/bin/../lib/gcc/mingw32/3.4.2/../../../libmsvcrt.a(dwpds00557.o)
                0x004fb210                fclose
 *fill*         0x004fb218        0x8 00
 .text          0x004fb220        0x8 c:/mingw/bin/../lib/gcc/mingw32/3.4.2/../../../libmsvcrt.a(dwpds00634.o)
                0x004fb220                memset
 *fill*         0x004fb228        0x8 00
 .text          0x004fb230        0x8 c:/mingw/bin/../lib/gcc/mingw32/3.4.2/../../../libmsvcrt.a(dwpds00659.o)
                0x004fb230                sprintf
 *fill*         0x004fb238        0x8 00
 .text          0x004fb240        0x8 c:/mingw/bin/../lib/gcc/mingw32/3.4.2/../../../libmsvcrt.a(dwpds00667.o)
                0x004fb240                strcpy
 *fill*         0x004fb248        0x8 00
 .text          0x004fb250        0x8 c:/mingw/bin/../lib/gcc/mingw32/3.4.2/../../../libmsvcrt.a(dwpds00693.o)
                0x004fb250                toupper
 *fill*         0x004fb258        0x8 00
 .text          0x004fb260        0x8 c:/mingw/bin/../lib/gcc/mingw32/3.4.2/../../../libmsvcrt.a(dwpds00411.o)
                0x004fb260                _stricmp
 *fill*         0x004fb268        0x8 00
 .text          0x004fb270        0x8 c:/mingw/bin/../lib/gcc/mingw32/3.4.2/../../../libmsvcrt.a(dwpds00568.o)
                0x004fb270                fopen
 *fill*         0x004fb278        0x8 00
 .text          0x004fb280        0x8 c:/mingw/bin/../lib/gcc/mingw32/3.4.2/../../../libmsvcrt.a(dwpds00632.o)
                0x004fb280                memcpy
 *fill*         0x004fb288        0x8 00
 .text          0x004fb290        0x8 c:/mingw/bin/../lib/gcc/mingw32/3.4.2/../../../libmsvcrt.a(dwpds00642.o)
                0x004fb290                puts
 *fill*         0x004fb298        0x8 00
 .text          0x004fb2a0        0x8 c:/mingw/bin/../lib/gcc/mingw32/3.4.2/../../../libmsvcrt.a(dwpds00665.o)
                0x004fb2a0                strcmp
 *fill*         0x004fb2a8        0x8 00
 .text          0x004fb2b0        0x8 c:/mingw/bin/../lib/gcc/mingw32/3.4.2/../../../libmsvcrt.a(dwpds00235.o)
                0x004fb2b0                _isctype
 *fill*         0x004fb2b8        0x8 00
 .text          0x004fb2c0        0x8 c:/mingw/bin/../lib/gcc/mingw32/3.4.2/../../../libmsvcrt.a(dwpds00622.o)
                0x004fb2c0                localtime
 *fill*         0x004fb2c8        0x8 00
 .text          0x004fb2d0        0x8 c:/mingw/bin/../lib/gcc/mingw32/3.4.2/../../../libmsvcrt.a(dwpds00536.o)
                0x004fb2d0                asctime
 *fill*         0x004fb2d8        0x8 00
 .text          0x004fb2e0        0x8 c:/mingw/bin/../lib/gcc/mingw32/3.4.2/../../../libmsvcrt.a(dwpds00689.o)
                0x004fb2e0                time
 *fill*         0x004fb2e8        0x8 00
 .text          0x004fb2f0        0x8 c:/mingw/bin/../lib/gcc/mingw32/3.4.2/../../../libmsvcrt.a(dwpds00672.o)
                0x004fb2f0                strncat
 *fill*         0x004fb2f8        0x8 00
 .text          0x004fb300        0x8 c:/mingw/bin/../lib/gcc/mingw32/3.4.2/../../../libmsvcrt.a(dwpds00639.o)
                0x004fb300                printf
 *fill*         0x004fb308        0x8 00
 .text          0x004fb310        0x8 c:/mingw/bin/../lib/gcc/mingw32/3.4.2/../../../libmsvcrt.a(dwpds00674.o)
                0x004fb310                strncpy
 *fill*         0x004fb318        0x8 00
 .text          0x004fb320        0x8 c:/mingw/bin/../lib/gcc/mingw32/3.4.2/../../../libmsvcrt.a(dwpds00648.o)
                0x004fb320                realloc
 *fill*         0x004fb328        0x8 00
 .text          0x004fb330        0x8 c:/mingw/bin/../lib/gcc/mingw32/3.4.2/../../../libmsvcrt.a(dwpds00542.o)
                0x004fb330                atoi
 *fill*         0x004fb338        0x8 00
 .text          0x004fb340        0x8 c:/mingw/bin/../lib/gcc/mingw32/3.4.2/../../../libmsvcrt.a(dwpds00681.o)
                0x004fb340                strtol
 *fill*         0x004fb348        0x8 00
 .text          0x004fb350        0x8 c:/mingw/bin/../lib/gcc/mingw32/3.4.2/../../../libmsvcrt.a(dwpds00152.o)
                0x004fb350                _errno
 *fill*         0x004fb358        0x8 00
 .text          0x004fb360        0x8 c:/mingw/bin/../lib/gcc/mingw32/3.4.2/../../../libmsvcrt.a(dwpds00669.o)
                0x004fb360                strerror
 *fill*         0x004fb368        0x8 00
 .text          0x004fb370        0x8 c:/mingw/bin/../lib/gcc/mingw32/3.4.2/../../../libmsvcrt.a(dwpds00415.o)
                0x004fb370                _strnicmp
 *fill*         0x004fb378        0x8 00
 .text          0x004fb380        0x8 c:/mingw/bin/../lib/gcc/mingw32/3.4.2/../../../libmsvcrt.a(dwpds00701.o)
                0x004fb380                vsprintf
 *fill*         0x004fb388        0x8 00
 .text          0x004fb390        0x8 c:/mingw/bin/../lib/gcc/mingw32/3.4.2/../../../libmsvcrt.a(dwpds00682.o)
                0x004fb390                strtoul
 *fill*         0x004fb398        0x8 00
 .text          0x004fb3a0        0x8 c:/mingw/bin/../lib/gcc/mingw32/3.4.2/../../../libmsvcrt.a(dwpds00657.o)
                0x004fb3a0                sin
 *fill*         0x004fb3a8        0x8 00
 .text          0x004fb3b0        0x8 c:/mingw/bin/../lib/gcc/mingw32/3.4.2/../../../libmsvcrt.a(dwpds00549.o)
                0x004fb3b0                cos
 *fill*         0x004fb3b8        0x8 00
 .text          0x004fb3c0        0x8 c:/mingw/bin/../lib/gcc/mingw32/3.4.2/../../../libmsvcrt.a(dwpds00660.o)
                0x004fb3c0                sqrt
 *fill*         0x004fb3c8        0x8 00
 .text          0x004fb3d0        0x8 c:/mingw/bin/../lib/gcc/mingw32/3.4.2/../../../libmsvcrt.a(dwpds00566.o)
                0x004fb3d0                floor
 *fill*         0x004fb3d8        0x8 00
 .text          0x004fb3e0        0x8 c:/mingw/bin/../lib/gcc/mingw32/3.4.2/../../../libmsvcrt.a(dwpds00671.o)
                0x004fb3e0                strlen
 *fill*         0x004fb3e8        0x8 00
 .text          0x004fb3f0        0x8 c:/mingw/bin/../lib/gcc/mingw32/3.4.2/../../../libmsvcrt.a(dwpds00638.o)
                0x004fb3f0                pow
 *fill*         0x004fb3f8        0x8 00
 .text          0x004fb400        0x8 c:/mingw/bin/../lib/gcc/mingw32/3.4.2/../../../libmsvcrt.a(dwpds00645.o)
                0x004fb400                qsort
 *fill*         0x004fb408        0x8 00
 .text          0x004fb410        0x8 c:/mingw/bin/../lib/gcc/mingw32/3.4.2/../../../libmsvcrt.a(dwpds00655.o)
                0x004fb410                setvbuf
 *fill*         0x004fb418        0x8 00
 .text          0x004fb420        0x8 c:/mingw/bin/../lib/gcc/mingw32/3.4.2/../../../libmsvcrt.a(dwpds00576.o)
                0x004fb420                freopen
 *fill*         0x004fb428        0x8 00
 .text          0x004fb430        0x8 c:/mingw/bin/../lib/gcc/mingw32/3.4.2/../../../libmsvcrt.a(dwpds00445.o)
                0x004fb430                _vsnprintf
 *fill*         0x004fb438        0x8 00
 .text          0x004fb440        0x8 c:/mingw/bin/../lib/gcc/mingw32/3.4.2/../../../libmsvcrt.a(dwpds00574.o)
                0x004fb440                fread
 *fill*         0x004fb448        0x8 00
 .text          0x004fb450        0x8 c:/mingw/bin/../lib/gcc/mingw32/3.4.2/../../../libmsvcrt.a(dwpds00571.o)
                0x004fb450                fputs
 *fill*         0x004fb458        0x8 00
 .text          0x004fb460        0x8 c:/mingw/bin/../lib/gcc/mingw32/3.4.2/../../../libmsvcrt.a(dwpds00633.o)
                0x004fb460                memmove
 *fill*         0x004fb468        0x8 00
 .text          0x004fb470        0x8 c:/mingw/bin/../lib/gcc/mingw32/3.4.2/../../../libmsvcrt.a(dwpds00207.o)
                0x004fb470                _getdcwd
 *fill*         0x004fb478        0x8 00
 .text          0x004fb480        0x8 c:/mingw/bin/../lib/gcc/mingw32/3.4.2/../../../libmsvcrt.a(dwpds00581.o)
                0x004fb480                ftell
 *fill*         0x004fb488        0x8 00
 .text          0x004fb490        0x8 c:/mingw/bin/../lib/gcc/mingw32/3.4.2/../../../libmsvcrt.a(dwpds00280.o)
                0x004fb490                _lrotl
 *fill*         0x004fb498        0x8 00
 .text          0x004fb4a0        0x8 c:/mingw/bin/../lib/gcc/mingw32/3.4.2/../../../libmsvcrt.a(dwpds00175.o)
                0x004fb4a0                _findclose
 *fill*         0x004fb4a8        0x8 00
 .text          0x004fb4b0        0x8 c:/mingw/bin/../lib/gcc/mingw32/3.4.2/../../../libmsvcrt.a(dwpds00179.o)
                0x004fb4b0                _findnext
 *fill*         0x004fb4b8        0x8 00
 .text          0x004fb4c0        0x8 c:/mingw/bin/../lib/gcc/mingw32/3.4.2/../../../libmsvcrt.a(dwpds00176.o)
                0x004fb4c0                _findfirst
 *fill*         0x004fb4c8        0x8 00
 .text          0x004fb4d0        0x8 c:/mingw/bin/../lib/gcc/mingw32/3.4.2/../../../libmsvcrt.a(dwpds00198.o)
                0x004fb4d0                _fullpath
 *fill*         0x004fb4d8        0x8 00
 .text          0x004fb4e0        0x8 c:/mingw/bin/../lib/gcc/mingw32/3.4.2/../../../libmsvcrt.a(dwpds00533.o)
                0x004fb4e0                abort
 *fill*         0x004fb4e8        0x8 00
 .text          0x004fb4f0        0x8 c:/mingw/bin/../lib/gcc/mingw32/3.4.2/../../../libmsvcrt.a(dwpds00560.o)
                0x004fb4f0                fflush
 *fill*         0x004fb4f8        0x8 00
 .text          0x004fb500        0x8 c:/mingw/bin/../lib/gcc/mingw32/3.4.2/../../../libgdi32.a(deubs00145.o)
                0x004fb500                GetDeviceCaps@8
 *fill*         0x004fb508        0x8 00
 .text          0x004fb510        0x8 c:/mingw/bin/../lib/gcc/mingw32/3.4.2/../../../libgdi32.a(deubs00072.o)
                0x004fb510                DeleteObject@4
 *fill*         0x004fb518        0x8 00
 .text          0x004fb520        0x8 c:/mingw/bin/../lib/gcc/mingw32/3.4.2/../../../libgdi32.a(deubs00012.o)
                0x004fb520                BitBlt@36
 *fill*         0x004fb528        0x8 00
 .text          0x004fb530        0x8 c:/mingw/bin/../lib/gcc/mingw32/3.4.2/../../../libgdi32.a(deubs00294.o)
                0x004fb530                SetDeviceGammaRamp@8
 *fill*         0x004fb538        0x8 00
 .text          0x004fb540        0x8 c:/mingw/bin/../lib/gcc/mingw32/3.4.2/../../../libgdi32.a(deubs00291.o)
                0x004fb540                SetDIBColorTable@16
 *fill*         0x004fb548        0x8 00
 .text          0x004fb550        0x8 c:/mingw/bin/../lib/gcc/mingw32/3.4.2/../../../libgdi32.a(deubs00315.o)
                0x004fb550                SetSystemPaletteUse@8
 *fill*         0x004fb558        0x8 00
 .text          0x004fb560        0x8 c:/mingw/bin/../lib/gcc/mingw32/3.4.2/../../../libgdi32.a(deubs00306.o)
                0x004fb560                SetPaletteEntries@16
 *fill*         0x004fb568        0x8 00
 .text          0x004fb570        0x8 c:/mingw/bin/../lib/gcc/mingw32/3.4.2/../../../libgdi32.a(deubs00278.o)
                0x004fb570                SelectPalette@12
 *fill*         0x004fb578        0x8 00
 .text          0x004fb580        0x8 c:/mingw/bin/../lib/gcc/mingw32/3.4.2/../../../libgdi32.a(deubs00256.o)
                0x004fb580                RealizePalette@4
 *fill*         0x004fb588        0x8 00
 .text          0x004fb590        0x8 c:/mingw/bin/../lib/gcc/mingw32/3.4.2/../../../libgdi32.a(deubs00055.o)
                0x004fb590                CreatePalette@4
 *fill*         0x004fb598        0x8 00
 .text          0x004fb5a0        0x8 c:/mingw/bin/../lib/gcc/mingw32/3.4.2/../../../libgdi32.a(deubs00069.o)
                0x004fb5a0                DeleteDC@4
 *fill*         0x004fb5a8        0x8 00
 .text          0x004fb5b0        0x8 c:/mingw/bin/../lib/gcc/mingw32/3.4.2/../../../libgdi32.a(deubs00015.o)
                0x004fb5b0                ChoosePixelFormat@8
 *fill*         0x004fb5b8        0x8 00
 .text          0x004fb5c0        0x8 c:/mingw/bin/../lib/gcc/mingw32/3.4.2/../../../libgdi32.a(deubs00308.o)
                0x004fb5c0                SetPixelFormat@12
 *fill*         0x004fb5c8        0x8 00
 .text          0x004fb5d0        0x8 c:/mingw/bin/../lib/gcc/mingw32/3.4.2/../../../libgdi32.a(deubs00038.o)
                0x004fb5d0                CreateDIBSection@24
 *fill*         0x004fb5d8        0x8 00
 .text          0x004fb5e0        0x8 c:/mingw/bin/../lib/gcc/mingw32/3.4.2/../../../libgdi32.a(deubs00033.o)
                0x004fb5e0                CreateCompatibleDC@4
 *fill*         0x004fb5e8        0x8 00
 .text          0x004fb5f0        0x8 c:/mingw/bin/../lib/gcc/mingw32/3.4.2/../../../libgdi32.a(deubs00277.o)
                0x004fb5f0                SelectObject@8
 *fill*         0x004fb5f8        0x8 00
 .text          0x004fb600        0x8 c:/mingw/bin/../lib/gcc/mingw32/3.4.2/../../../libgdi32.a(deubs00146.o)
                0x004fb600                GetDeviceGammaRamp@8
 *fill*         0x004fb608        0x8 00
 .text          0x004fb610        0x8 c:/mingw/bin/../lib/gcc/mingw32/3.4.2/../../../libuser32.a(dgdfs00430.o)
                0x004fb610                MessageBoxA@16
 *fill*         0x004fb618        0x8 00
 .text          0x004fb620        0x8 c:/mingw/bin/../lib/gcc/mingw32/3.4.2/../../../libuser32.a(dgdfs00483.o)
                0x004fb620                RegisterHotKey@16
 *fill*         0x004fb628        0x8 00