Archive member included because of file (symbol)

eobj/libbuild.a(build.o)      obj/astub.o (_printmessage16)
eobj/libbuild.a(config.o)     obj/astub.o (loadsetup)
eobj/libbuild.a(buildstartwin.o)
                              eobj/libbuild.a(build.o) (DoLaunchWindow)
eobj/libengine.a(engine.o)    obj/astub.o (md_tilehasmodel)
eobj/libengine.a(winlayer.o)  eobj/libbuild.a(buildstartwin.o) (win_gethinstance)
eobj/libengine.a(cache1d.o)   eobj/libengine.a(engine.o) (initcache)
eobj/libengine.a(osd.o)       obj/astub.o (OSD_SetLogFile)
eobj/libengine.a(compat.o)    obj/astub.o (Bgethomedir)
eobj/libengine.a(defs.o)      eobj/libbuild.a(build.o) (loaddefinitionsfile)
eobj/libengine.a(glbuild.o)   eobj/libengine.a(winlayer.o) (loadgldriver)
eobj/libengine.a(baselayer.o)
                              eobj/libengine.a(winlayer.o) (baselayer_init)
eobj/libengine.a(pragmas.o)   eobj/libengine.a(engine.o) (clearbufbyte)
eobj/libengine.a(crc32.o)     eobj/libengine.a(engine.o) (initcrc32table)
eobj/libengine.a(a.o)         eobj/libengine.a(engine.o) (sethlinesizes)
eobj/libengine.a(scriptfile.o)
                              eobj/libengine.a(engine.o) (scriptfile_gettoken)
eobj/libengine.a(lzf_d.o)     eobj/libengine.a(engine.o) (lzf_decompress)
eobj/libengine.a(lzf_c.o)     eobj/libengine.a(engine.o) (lzf_compress)
eobj/libengine.a(md4.o)       eobj/libengine.a(engine.o) (md4once)
eobj/libengine.a(kplib.o)     eobj/libengine.a(engine.o) (kpgetdim)
eobj/libengine.a(engineinfo.o)
                              eobj/libengine.a(baselayer.o) (_engine_date)
c:/mingw/bin/../lib/gcc/mingw32/3.4.2/../../../libmingwex.a(snprintf.o)
                              obj/astub.o (snprintf)
c:/mingw/bin/../lib/gcc/mingw32/3.4.2/../../../libmingwex.a(dirent.o)
                              eobj/libengine.a(compat.o) (opendir)
c:/mingw/bin/../lib/gcc/mingw32/3.4.2/../../../libdxguid.a(dxguid.o)
                              eobj/libengine.a(winlayer.o) (IID_IDirectDrawGammaControl)
c:/mingw/bin/../lib/gcc/mingw32/3.4.2/../../../libmingw32.a(CRTglob.o)
                              c:/mingw/bin/../lib/gcc/mingw32/3.4.2/../../../crt2.o (_CRT_glob)
c:/mingw/bin/../lib/gcc/mingw32/3.4.2/../../../libmingw32.a(CRTfmode.o)
                              c:/mingw/bin/../lib/gcc/mingw32/3.4.2/../../../crt2.o (_CRT_fmode)
c:/mingw/bin/../lib/gcc/mingw32/3.4.2/../../../libmingw32.a(txtmode.o)
                              c:/mingw/bin/../lib/gcc/mingw32/3.4.2/../../../crt2.o (_fmode)
c:/mingw/bin/../lib/gcc/mingw32/3.4.2/../../../libmingw32.a(main.o)
                              c:/mingw/bin/../lib/gcc/mingw32/3.4.2/../../../crt2.o (main)
c:/mingw/bin/../lib/gcc/mingw32/3.4.2/../../../libmingw32.a(pseudo-reloc.o)
                              c:/mingw/bin/../lib/gcc/mingw32/3.4.2/../../../crt2.o (_pei386_runtime_relocator)
c:/mingw/bin/../lib/gcc/mingw32/3.4.2/../../../libmingw32.a(CRT_fp10.o)
                              c:/mingw/bin/../lib/gcc/mingw32/3.4.2/../../../crt2.o (_fpreset)
c:/mingw/bin/../lib/gcc/mingw32/3.4.2/../../../libmingw32.a(gccmain.o)
                              c:/mingw/bin/../lib/gcc/mingw32/3.4.2/../../../libmingw32.a(main.o) (__main)
c:/mingw/bin/../lib/gcc/mingw32/3.4.2/../../../libmingw32.a(pseudo-reloc-list.o)
                              c:/mingw/bin/../lib/gcc/mingw32/3.4.2/../../../libmingw32.a(pseudo-reloc.o) (__RUNTIME_PSEUDO_RELOC_LIST__)
c:/mingw/bin/../lib/gcc/mingw32/3.4.2/libgcc.a(w32-shared-ptr.o)
                              c:/mingw/bin/../lib/gcc/mingw32/3.4.2/crtbegin.o (__w32_sharedptr_initialize)
c:/mingw/bin/../lib/gcc/mingw32/3.4.2/libgcc.a(_divdi3.o)
                              eobj/libengine.a(winlayer.o) (__divdi3)
c:/mingw/bin/../lib/gcc/mingw32/3.4.2/libgcc.a(_chkstk.o)
                              eobj/libengine.a(winlayer.o) (_alloca)
c:/mingw/bin/../lib/gcc/mingw32/3.4.2/libgcc.a(_ctors.o)
                              c:/mingw/bin/../lib/gcc/mingw32/3.4.2/../../../libmingw32.a(gccmain.o) (__CTOR_LIST__)
c:/mingw/bin/../lib/gcc/mingw32/3.4.2/libgcc.a(_eprintf.o)
                              c:/mingw/bin/../lib/gcc/mingw32/3.4.2/libgcc.a(w32-shared-ptr.o) (__eprintf)
c:/mingw/bin/../lib/gcc/mingw32/3.4.2/../../../libmoldname.a(duuds00089.o)
                              obj/astub.o (strupr)
c:/mingw/bin/../lib/gcc/mingw32/3.4.2/../../../libmoldname.a(duuds00002.o)
                              obj/astub.o (chdir)
c:/mingw/bin/../lib/gcc/mingw32/3.4.2/../../../libmoldname.a(duuds00055.o)
                              obj/astub.o (mkdir)
c:/mingw/bin/../lib/gcc/mingw32/3.4.2/../../../libmoldname.a(duuds00037.o)
                              obj/astub.o (getcwd)
c:/mingw/bin/../lib/gcc/mingw32/3.4.2/../../../libmoldname.a(duuds00000.o)
                              obj/astub.o (access)
c:/mingw/bin/../lib/gcc/mingw32/3.4.2/../../../libmoldname.a(duuds00006.o)
[...]
Memory Configuration

Name             Origin             Length             Attributes
*default*        0x00000000         0xffffffff

Linker script and memory map

                0x00400000                __image_base__ = 0x400000
                0x00000000                __dll__ = 0x0
                0x00001000                __section_alignment__ = 0x1000
                0x00000200                __file_alignment__ = 0x200
                0x00000004                __major_os_version__ = 0x4
                0x00000000                __minor_os_version__ = 0x0
                0x00000001                __major_image_version__ = 0x1
                0x00000000                __minor_image_version__ = 0x0
                0x00000004                __major_subsystem_version__ = 0x4
                0x00000000                __minor_subsystem_version__ = 0x0
                0x00000002                __subsystem__ = 0x2
                0x00200000                __size_of_stack_reserve__ = 0x200000
                0x00001000                __size_of_stack_commit__ = 0x1000
                0x00100000                __size_of_heap_reserve__ = 0x100000
                0x00001000                __size_of_heap_commit__ = 0x1000
                0x00000000                __loader_flags__ = 0x0
LOAD c:/mingw/bin/../lib/gcc/mingw32/3.4.2/../../../crt2.o
LOAD c:/mingw/bin/../lib/gcc/mingw32/3.4.2/crtbegin.o
LOAD obj/astub.o
LOAD obj/buildres.o
LOAD eobj/libbuild.a
LOAD eobj/libengine.a
LOAD c:/mingw/bin/../lib/gcc/mingw32/3.4.2/../../../libm.a
LOAD c:/mingw/bin/../lib/gcc/mingw32/3.4.2/../../../libmingwex.a
LOAD c:/mingw/bin/../lib/gcc/mingw32/3.4.2/../../../libwinmm.a
LOAD c:/mingw/bin/../lib/gcc/mingw32/3.4.2/../../../libwsock32.a
LOAD c:/mingw/bin/../lib/gcc/mingw32/3.4.2/../../../libdxguid.a
LOAD c:/mingw/bin/../lib/gcc/mingw32/3.4.2/../../../libmingw32.a
LOAD c:/mingw/bin/../lib/gcc/mingw32/3.4.2/libgcc.a
LOAD c:/mingw/bin/../lib/gcc/mingw32/3.4.2/../../../libmoldname.a
LOAD c:/mingw/bin/../lib/gcc/mingw32/3.4.2/../../../libmingwex.a
LOAD c:/mingw/bin/../lib/gcc/mingw32/3.4.2/../../../libmsvcrt.a
LOAD c:/mingw/bin/../lib/gcc/mingw32/3.4.2/../../../libgdi32.a
LOAD c:/mingw/bin/../lib/gcc/mingw32/3.4.2/../../../libcomdlg32.a
LOAD c:/mingw/bin/../lib/gcc/mingw32/3.4.2/../../../libuser32.a
LOAD c:/mingw/bin/../lib/gcc/mingw32/3.4.2/../../../libkernel32.a
LOAD c:/mingw/bin/../lib/gcc/mingw32/3.4.2/../../../libadvapi32.a
LOAD c:/mingw/bin/../lib/gcc/mingw32/3.4.2/../../../libshell32.a
LOAD c:/mingw/bin/../lib/gcc/mingw32/3.4.2/../../../libmingw32.a
LOAD c:/mingw/bin/../lib/gcc/mingw32/3.4.2/libgcc.a
LOAD c:/mingw/bin/../lib/gcc/mingw32/3.4.2/../../../libmoldname.a
LOAD c:/mingw/bin/../lib/gcc/mingw32/3.4.2/../../../libmingwex.a
LOAD c:/mingw/bin/../lib/gcc/mingw32/3.4.2/../../../libmsvcrt.a
LOAD c:/mingw/bin/../lib/gcc/mingw32/3.4.2/crtend.o

.text           0x00401000    0x84e00
 *(.init)
 *(.text)
 .text          0x00401000      0x2d0 c:/mingw/bin/../lib/gcc/mingw32/3.4.2/../../../crt2.o
                0x00401290                WinMainCRTStartup
                0x00401270                mainCRTStartup
                0x004012b0                atexit
                0x004012c0                _onexit
 .text          0x004012d0       0x10 c:/mingw/bin/../lib/gcc/mingw32/3.4.2/crtbegin.o
                0x004012d0                __do_sjlj_init
 .text          0x004012e0    0x10520 obj/astub.o
                0x004014e5                ExtSaveMap
                0x004046b8                Show2dText
                0x004012e0                GetTime
                0x0040547a                ExtEditSpriteData
                0x00404c6d                ResetFOFSize
                0x00405627                SpriteName
                0x0040e17d                ExtUnInit
                0x004116ab                ResetKeys
                0x004105ec                EditSpriteData
                0x0040ef05                SetBOSS1Palette
                0x0040e195                ExtPreCheckKeys
                0x00405ab7                m32_showmouse
                0x00405598                PrintStatus
                0x0040effe                SearchSectorsForward
                0x00405362                ExtEditWallData
                0x0040ef51                SetWATERPalette
                0x004027cc                ExtShowSectorData
                0x00402524                ExtGetSpriteCaption
                0x00405d29                AskIfSure
                0x00401520                ExtGetSectorCaption
                0x0040fe93                EditWallData
                0x00401cd2                SectorEffectorText
                0x0040565c                ReadPaletteTable
                0x0040dd67                ExtPreSaveMap
                0x0040dec8                ExtPreInit
                0x00411708                GetAToken
                0x0040f15d                EditSectorData
                0x00405e01                Keys3d
                0x0040bdba                Keys2d
                0x0040ef77                SetGAMEPalette
                0x004116be                Msg
                0x0040dce8                InitCustomColors
                0x0040ea98                ExtCheckKeys
                0x0040520c                ExtSE40Code
                0x004037e9                ExtShowWallData
                0x0040eadb                faketimerhandler
                0x0040f0b3                SearchSectorsBackward
                0x004012e6                ExtLoadMap
                0x00405a59                message
                0x00404ac9                ShowHelpText
                0x0040e273                ExtAnalyzeSprites
                0x00405a15                _message
                0x0040e6f1                Keys2d3d
                0x0040528e                ExtEditSectorData
                0x00401c45                ExtGetWallCaption
                0x00405938                ReadGamePalette
                0x0040da58                ExtSetupSpecialSpriteCols
                0x0040dec7                ExtPreLoadMap
                0x0040ef2b                SetSLIMEPalette
                0x00404c4e                ExtShowSpriteData
                0x004048c5                Show3dText
                0x0040df04                osdcmd_quit
                0x0040ef9d                kensetpalette
                0x0040df22                ExtInit
 .text          0x00411800    0x169e0 eobj/libbuild.a(build.o)
                0x004142a0                checksectorpointer
                0x004119d0                initcrc
                0x00411a80                showmouse
                0x00415f90                getfilenames
                0x004132f0                clearmidstatbar16
                0x00415040                whitelinescan
                0x00411b30                changechar
                0x00422ce0                AlignWalls
                0x00412890                getpoint
                0x004130d0                getlinehighlight
                0x00412c80                fillsector
                0x004171e0                getnumber16
                0x00415a70                insertpoint
                0x00415d90                getnumber256
                0x004131f0                getpointhighlight
                0x00412ab0                printcoords16
                0x00414e20                checkautoinsert
                0x00415950                deletepoint
                0x00414f40                clockdir
                0x00415f50                clearfilenames
                0x00416770                menuselect
                0x00411ba0                drawtilescreen
                0x00416450                keytimerstuff
                0x004222a0                app_main
                0x00416750                printmessage16
                0x004146a0                showwalldata
                0x00411a40                updatenumsprites
                0x004166b0                _printmessage16
                0x004157e0                fixspritesectors
                0x00411800                clearkeys
                0x00422fd0                editinput
                0x00415410                movewalls
                0x00412110                gettile
                0x00415c90                numloopsofsector
                0x00414440                copysector
                0x004152a0                flipwalls
                0x00414d60                fixrepeats
                0x00412970                adjustmark
                0x00416070                loadnames
                0x00422dc0                AutoAlignWalls
                0x00422c20                GetWallZPeg
                0x00415cd0                printmessage256
                0x00417350                overheadeditor
                0x004155e0                deletesector
                0x00412fb0                getclosestpointonwall
                0x00415320                loopinside
                0x004133a0                showspritedata
                0x00413ab0                showsectordata
 .text          0x004281e0      0xc80 eobj/libbuild.a(config.o)
                0x00428c90                writesetup
                0x004283c0                loadsetup
 .text          0x00428e60      0x860 eobj/libbuild.a(buildstartwin.o)
                0x00429590                DoLaunchWindow
 .text          0x004296c0    0x42220 eobj/libengine.a(engine.o)
                0x00460580                drawrooms
                0x00466c40                setviewback
                0x00431080                testvisiblemost
                0x0046b890                getrendermode
                0x00461d50                clipmove
                0x00437dc0                gloadtile_cached
                0x00460ee0                changespritesect
                0x00465f90                setvgapalette
                0x0042a700                partition
                0x00466020                setbrightness
                0x0042b920                md_defineskin
                0x0042f350                gltexmayhavealpha
                0x0042f450                gltexapplyprops
                0x00433100                dxtfilter
                0x00430fa0                vsinsaft
                0x00429760                hicinit
                0x0042f880                polymost_glinit
                0x00466a30                setviewtotile
                0x004664d0                setpalettefade
                0x0045cdb0                inside
                0x00466dc0                squarerotatetile
                0x00430970                trytexcache
                0x0042f980                resizeglcheck
                0x0046a660                printext16
                0x00438d80                polymost_precache
                0x0045f8a0                polymost_drawrooms
                0x00454310                drawmasks
                0x00460ff0                changespritestat
                0x0045a070                lastwall
                0x0045ca20                qloadkvx
                0x00431480                getceilzofslope
                0x0042b860                md_definehud
                0x0045b970                loadmaphack
                0x0045cb50                clipinsidebox
                0x0043d860                loadtile
                0x004298f0                hicsetsubsttex
                0x004654c0                setaspect
                0x0045e220                hitscan
                0x0046a7a0                printext256
                0x00468810                clear2dscreen
                0x00430440                gloadtile_art
                0x0044a8c0                polymost_drawsprite
                0x0042e440                md_loadmodel
                0x0045c850                copytilepiece
                0x0045cca0                clipinsideboxline
                0x00434d60                mddraw
                0x00468860                draw2dgrid
                0x00460fd0                deletesprite
                0x0045b950                insertsprite
                0x004296e0                loadvoxel
                0x0042bc40                md_setmisc
                0x00460ea0                krecip
                0x00466870                plotpixel
                0x00432f50                polymost_initosdfuncs
                0x0042a370                md_undefinetile
                0x00433510                writexcache
                0x00429840                hicsetpalettetint
                0x004321c0                setpolymost2dview
                0x004672d0                alignflorslope
                0x00467400                loopnumofsector
                0x00466e80                preparemirror
                0x0042bc90                md_undefinemodel
                0x004296d0                kfree
                0x00465550                setview
                0x00464380                updatesectorz
                0x004392c0                polymost_fillpolygon
                0x00467860                drawline256
                0x0042bb70                md_defineframe
                0x00431100                getzsofslope
                0x00454150                uninitengine
                0x0042f790                polymost_glreset
                0x00466210                setgamemode
                0x0045cf60                loadoldboard
                0x00443d40                drawpoly
                0x004670e0                sectorofwall
                0x0046b2a0                screencapture_pcx
                0x0042f410                gltexinvalidateall
                0x0045a0c0                drawmapview
                0x00431330                getflorzofslope
                0x004656a0                flushperms
                0x0046b850                setrendermode
                0x00429a60                hicsetskybox
                0x00464610                getmousevalues
                0x00463f10                pushmove
                0x00460e60                ksqrt
                0x0042fc30                fixtransparency
                0x00468570                qsetmode640350
                0x00437fd0                gloadtile_hi
                0x00430f20                vsdel
                0x00461c70                dragpoint
                0x004322c0                polymost_printext256
                0x0045c360                loadpics
                0x0045bfd0                clearallviews
                0x0045c760                allocatepermanenttile
                0x00468700                qsetmodeany
                0x00465b60                makepalookup
                0x00468170                drawcircle16
                0x00453a10                initengine
                0x0045c140                nextpage
                0x004656b0                rotatesprite
                0x00460d40                getangle
                0x004669c0                getpixel
                0x0042a870                gloadtex
                0x0042f3a0                gltexinvalidate
                0x00460f40                setsprite
                0x0042dcf0                mdload
                0x00454220                initspritelists
                0x00464640                krand
                0x00429cf0                drawline2d
                0x00468b20                draw2dscreen
                0x004671a0                alignceilslope
                0x0046b820                screencapture
                0x00446c70                polymost_dorotatesprite
                0x0042b590                mdfree
                0x00461050                nextsectorneighborz
                0x0042ba80                md_defineanimation
                0x004613b0                neartag
                0x00430b50                initmosts
                0x004296c0                kmalloc
                0x00467d30                drawline16
                0x00438e50                polymost_drawtilescreen
                0x00464550                rotatepoint
                0x00429c20                hicclearsubst
                0x0042a3a0                mdloadskin_trytexcache
                0x00464660                getzrange
                0x00466f90                completemirror
                0x00467460                setfirstwall
                0x004666a0                clearview
                0x0045bb90                saveboard
                0x0042a800                quicksort
                0x0046b8a0                setrollangle
                0x00466b90                invalidatetile
                0x00461120                cansee
                0x0045ce80                updatesector
                0x0042a260                md_tilehasmodel
                0x00468620                qsetmode640480
                0x0044d440                domost
                0x00433ab0                dedxtfilter
                0x0045dcd0                loadboard
                0x0044c0e0                polymost_drawmaskwall
                0x0046ac10                screencapture_tga
 .text          0x0046b8e0     0x7090 eobj/libengine.a(winlayer.o)
                0x0046c0e0                debugprintf
                0x0046ca40                handleevents
                0x0046c180                readmousexy
                0x00470a40                setvideomode
                0x00472020                initsystem
                0x0046dfe0                getvalidmodes
                0x0046d7d0                grabmouse
                0x0046c140                bflushchars
                0x0046c0f0                bgetchar
                0x0046c950                sampletimer
                0x0046ba50                wm_ynbox
                0x00471720                inittimer
                0x0046bfd0                win_getstartupwin
                0x00472320                WinMain@16
                0x0046c8b0                getticks
                0x0046c1e0                readmousebstatus
                0x0046f4e0                setgamma
                0x0046c7b0                getkeyname
                0x0046ded0                gettimerfreq
                0x0046b8f0                win_gethinstance
                0x0046e630                begindrawing
                0x0046c020                win_getstartupcommand
                0x0046b8e0                win_gethwnd
                0x0046e620                resetvideomode
                0x0046c410                releaseallbuttons
                0x0046d810                uninitmouse
                0x0046c7d0                getjoyname
                0x0046c150                setkeypresscallback
                0x0046c120                bkbhit
                0x0046ef00                showframe
                0x0046b900                win_allowtaskswitching
                0x0046c160                setmousepresscallback
                0x0046b9b0                win_checkinstance
                0x0046c0b0                uninittimer
                0x0046e730                enddrawing
                0x0046bac0                wm_setapptitle
                0x0046d3c0                initprintf
                0x00470040                uninitsystem
                0x0046d840                getjoydeadzone
                0x0046d990                setjoydeadzone
                0x0046b9f0                wm_msgbox
                0x0046dd70                uninitinput
                0x0046fc80                setpalette
                0x00471830                initinput
                0x0046c170                setjoypresscallback
                0x0046c8a0                installusertimercallback
                0x0046e460                checkvideomode
                0x0046dae0                initmouse
 .text          0x00472970     0x2d90 eobj/libengine.a(cache1d.o)
                0x00472b60                agecache
                0x00473e30                kfilelength
                0x00473ff0                kclose
                0x00472a60                suckcache
                0x00473370                fopenfrompath
                0x00473890                uninitgroupfile
                0x00473750                uninitsinglegroupfile
                0x004753e0                dfwrite
                0x004729d0                initcache
                0x00473310                openfrompath
                0x00473cc0                klseek
                0x00474bc0                dfread
                0x004730b0                addsearchpath
                0x004731c0                findfrompath
                0x00473910                kopen4load
                0x00472d20                allocache
                0x00474180                klistfree
                0x00474900                kdfread
                0x00473470                initgroupfile
                0x00473b10                kread
                0x00473f00                ktell
                0x004741b0                klistpath
                0x004750f0                kdfwrite
 .text          0x00475700     0x1d20 eobj/libengine.a(osd.o)
                0x00475c80                OSD_SetParameters
                0x00476610                OSD_Dispatch
                0x00475e70                OSD_Draw
                0x00475ac0                OSD_SetFunctions
                0x00475cc0                OSD_CaptureKey
                0x00476200                OSD_RegisterFunction
                0x004764b0                OSD_Printf
                0x00475a50                OSD_SetLogFile
                0x00475cd0                OSD_ResizeDisplay
                0x00475e10                OSD_ShowDisplay
                0x00475a10                OSD_Cleanup
                0x00476410                OSD_Init
                0x004769a0                OSD_HandleKey
                0x00476780                OSD_DispatchQueued
 .text          0x00477420      0x750 eobj/libengine.a(compat.o)
                0x00477530                Bopendir
                0x00477aa0                Bwildmatch
                0x004776f0                Bstrtoken
                0x00477420                Bgethomedir
                0x004776c0                Bclosedir
                0x00477500                Bfilelength
                0x00477470                Bgetsystemdrives
                0x00477590                Breaddir
                0x004777b0                Bcorrectfilename
                0x00477950                Bcanonicalisefilename
                0x00477b50                Bgetsysmemsize
 .text          0x00477b70     0x2510 eobj/libengine.a(defs.o)
                0x0047a040                loaddefinitionsfile
 .text          0x0047a080      0xb90 eobj/libengine.a(glbuild.o)
                0x0047a1a0                unloadgldriver
                0x0047a3c0                loadgldriver
                0x0047a130                loadglextensions
 .text          0x0047ac10      0x510 eobj/libengine.a(baselayer.o)
                0x0047b060                baselayer_init
 .text          0x0047b120      0x160 eobj/libengine.a(pragmas.o)
                0x0047b120                boundmulscale
                0x0047b150                clearbufbyte
                0x0047b220                copybufreverse
                0x0047b1b0                copybufbyte
 .text          0x0047b280       0xe0 eobj/libengine.a(crc32.o)
                0x0047b280                initcrc32table
                0x0047b2d0                crc32init
                0x0047b310                crc32finish
                0x0047b2e0                crc32block
                0x0047b320                crc32once
 .text          0x0047b360      0xc60 eobj/libengine.a(scriptfile.o)
                0x0047bae0                scriptfile_fromfile
                0x0047b410                scriptfile_getlinum
                0x0047b470                scriptfile_getstring
                0x0047bf70                scriptfile_clearsymbols
                0x0047bbb0                scriptfile_getsymbolvalue
                0x0047b8a0                scriptfile_preparse
                0x0047b5c0                scriptfile_getdouble
                0x0047bd90                scriptfile_close
                0x0047b7d0                scriptfile_getbraces
                0x0047b4c0                scriptfile_getnumber
                0x0047be20                scriptfile_addsymbolvalue
                0x0047b3d0                scriptfile_gettoken
                0x0047bcf0                scriptfile_fromstring
                0x0047bc40                scriptfile_getsymbol
 .text          0x0047bfc0      0x100 eobj/libengine.a(lzf_d.o)
                0x0047bfc0                lzf_decompress
 .text          0x0047c0c0      0x250 eobj/libengine.a(lzf_c.o)
                0x0047c0c0                lzf_compress
 .text          0x0047c310      0x7c0 eobj/libengine.a(md4.o)
                0x0047c9e0                md4finish
                0x0047c8e0                md4block
                0x0047ca80                md4once
                0x0047c310                md4init
 .text          0x0047cad0     0x7680 eobj/libengine.a(kplib.o)
                0x00482e90                kzopen
                0x0047f210                kprender
                0x00483100                kzfindfilestart
                0x00484020                kpzload
                0x00483fc0                kzeof
                0x00482b20                kzuninit
                0x00483440                kzread
                0x00483f70                kztell
                0x00483f90                kzgetc
                0x00483f00                kzseek
                0x0047efa0                kpgetdim
                0x00482b70                kzaddstack
                0x00483ff0                kzclose
                0x00483ee0                kzfilelength
                0x00483150                kzfindfile
 .text          0x00484150       0x30 c:/mingw/bin/../lib/gcc/mingw32/3.4.2/../../../libmingwex.a(snprintf.o)
                0x00484150                snprintf
 .text          0x00484180      0x560 c:/mingw/bin/../lib/gcc/mingw32/3.4.2/../../../libmingwex.a(dirent.o)
                0x00484570                rewinddir
                0x004845d0                telldir
                0x00484510                closedir
                0x004843c0                readdir
                0x00484180                opendir
                0x00484610                seekdir
 .text          0x004846e0      0x3c0 c:/mingw/bin/../lib/gcc/mingw32/3.4.2/../../../libdxguid.a(dxguid.o)
                0x00484990                GUID_POV
                0x00484940                GUID_RyAxis
                0x00484860                CLSID_DirectInputDevice
                0x00484790                IID_IDirectDrawColorControl
                0x00484810                IID_IDirectSoundCapture
                0x00484770                IID_IDirectDrawPalette
                0x004846f0                CLSID_DirectDrawClipper
                0x00484980                GUID_Key
                0x004848c0                IID_IDirectInputDeviceW
                0x004849b0                GUID_SysMouse
                0x00484890                IID_IDirectInput2A
                0x004846e0                CLSID_DirectDraw
                0x004848b0                IID_IDirectInputDeviceA
                0x00484830                IID_IDirectSoundNotify
                0x00484760                IID_IDirectDrawSurface4
                0x004849c0                GUID_SysKeyboard
                0x004847f0                IID_IDirectSound3DListener
                0x00484970                GUID_Button
                0x00484a30                GUID_SawtoothUp
                0x00484710                IID_IDirectDraw2
                0x004848a0                IID_IDirectInput2W
                0x00484700                IID_IDirectDraw
                0x00484920                GUID_ZAxis
                0x004849d0                GUID_Joystick
                0x00484a20                GUID_Triangle
                0x004847c0                CLSID_DirectSoundCapture
                0x004847b0                CLSID_DirectSound
                0x00484740                IID_IDirectDrawSurface2
                0x004849a0                GUID_Unknown
                0x00484a40                GUID_SawtoothDown
                0x00484880                IID_IDirectInputW
                0x00484730                IID_IDirectDrawSurface
                0x00484720                IID_IDirectDraw4
                0x00484820                IID_IDirectSoundCaptureBuffer
                0x004849e0                GUID_ConstantForce
                0x00484a00                GUID_Square
                0x004847d0                IID_IDirectSound
                0x00484a50                GUID_Spring
                0x00484950                GUID_RzAxis
                0x004847e0                IID_IDirectSoundBuffer
                0x004848f0                IID_IDirectInputEffect
                0x004849f0                GUID_RampForce
                0x00484a60                GUID_Damper
                0x004848e0                IID_IDirectInputDevice2W
                0x00484a90                GUID_CustomForce
                0x00484840                IID_IKsPropertySet
                0x00484a10                GUID_Sine
                0x004847a0                IID_IDirectDrawGammaControl
                0x00484a70                GUID_Inertia
                0x004848d0                IID_IDirectInputDevice2A
                0x00484850                CLSID_DirectInput
                0x00484930                GUID_RxAxis
                0x00484750                IID_IDirectDrawSurface3
                0x00484900                GUID_XAxis
                0x00484a80                GUID_Friction
                0x00484910                GUID_YAxis
                0x00484780                IID_IDirectDrawClipper
                0x00484800                IID_IDirectSound3DBuffer
                0x00484870                IID_IDirectInputA
                0x00484960                GUID_Slider
 .text          0x00484aa0      0x120 c:/mingw/bin/../lib/gcc/mingw32/3.4.2/../../../libmingw32.a(main.o)
                0x00484aa0                main
 .text          0x00484bc0       0x30 c:/mingw/bin/../lib/gcc/mingw32/3.4.2/../../../libmingw32.a(pseudo-reloc.o)
                0x00484bc0                _pei386_runtime_relocator
 .text          0x00484bf0       0x10 c:/mingw/bin/../lib/gcc/mingw32/3.4.2/../../../libmingw32.a(CRT_fp10.o)
                0x00484bf0                _fpreset
                0x00484bf0                fpreset
 .text          0x00484c00      0x100 c:/mingw/bin/../lib/gcc/mingw32/3.4.2/../../../libmingw32.a(gccmain.o)
                0x00484c90                __main
                0x00484c00                __do_global_dtors
                0x00484c30                __do_global_ctors
 .text          0x00484d00      0x2f0 c:/mingw/bin/../lib/gcc/mingw32/3.4.2/libgcc.a(w32-shared-ptr.o)
                0x00484db0                __w32_sharedptr_initialize
 .text          0x00484ff0      0x160 c:/mingw/bin/../lib/gcc/mingw32/3.4.2/libgcc.a(_divdi3.o)
                0x00484ff0                __divdi3
 .text          0x00485150       0x30 c:/mingw/bin/../lib/gcc/mingw32/3.4.2/libgcc.a(_chkstk.o)
                0x00485150                __chkstk
                0x00485150                _alloca
 .text          0x00485180       0x50 c:/mingw/bin/../lib/gcc/mingw32/3.4.2/libgcc.a(_eprintf.o)
                0x00485180                __eprintf
 .text          0x004851d0        0x8 c:/mingw/bin/../lib/gcc/mingw32/3.4.2/../../../libmoldname.a(duuds00089.o)
                0x004851d0                strupr
 *fill*         0x004851d8        0x8 00
 .text          0x004851e0        0x8 c:/mingw/bin/../lib/gcc/mingw32/3.4.2/../../../libmoldname.a(duuds00002.o)
                0x004851e0                chdir
 *fill*         0x004851e8        0x8 00
 .text          0x004851f0        0x8 c:/mingw/bin/../lib/gcc/mingw32/3.4.2/../../../libmoldname.a(duuds00055.o)
                0x004851f0                mkdir
 *fill*         0x004851f8        0x8 00
 .text          0x00485200        0x8 c:/mingw/bin/../lib/gcc/mingw32/3.4.2/../../../libmoldname.a(duuds00037.o)
                0x00485200                getcwd
 *fill*         0x00485208        0x8 00
 .text          0x00485210        0x8 c:/mingw/bin/../lib/gcc/mingw32/3.4.2/../../../libmoldname.a(duuds00000.o)
                0x00485210                access
 *fill*         0x00485218        0x8 00
 .text          0x00485220        0x8 c:/mingw/bin/../lib/gcc/mingw32/3.4.2/../../../libmoldname.a(duuds00006.o)
                0x00485220                close
 *fill*         0x00485228        0x8 00
 .text          0x00485230        0x8 c:/mingw/bin/../lib/gcc/mingw32/3.4.2/../../../libmoldname.a(duuds00110.o)
                0x00485230                write
 *fill*         0x00485238        0x8 00
 .text          0x00485240        0x8 c:/mingw/bin/../lib/gcc/mingw32/3.4.2/../../../libmoldname.a(duuds00058.o)
                0x00485240                open
 *fill*         0x00485248        0x8 00
 .text          0x00485250        0x8 c:/mingw/bin/../lib/gcc/mingw32/3.4.2/../../../libmoldname.a(duuds00079.o)
                0x00485250                stat
 *fill*         0x00485258        0x8 00
 .text          0x00485260        0x8 c:/mingw/bin/../lib/gcc/mingw32/3.4.2/../../../libmoldname.a(duuds00081.o)
                0x00485260                strdup
 *fill*         0x00485268        0x8 00
 .text          0x00485270        0x8 c:/mingw/bin/../lib/gcc/mingw32/3.4.2/../../../libmoldname.a(duuds00051.o)
                0x00485270                lseek
 *fill*         0x00485278        0x8 00
 .text          0x00485280        0x8 c:/mingw/bin/../lib/gcc/mingw32/3.4.2/../../../libmoldname.a(duuds00064.o)
                0x00485280                read
 *fill*         0x00485288        0x8 00
 .text          0x00485290        0x8 c:/mingw/bin/../lib/gcc/mingw32/3.4.2/../../../libmoldname.a(duuds00023.o)
                0x00485290                fdopen
 *fill*         0x00485298        0x8 00
 .text          0x004852a0        0x8 c:/mingw/bin/../lib/gcc/mingw32/3.4.2/../../../libmoldname.a(duuds00032.o)
                0x004852a0                fstat
 *fill*         0x004852a8        0x8 00
 .text          0x004852b0        0x8 c:/mingw/bin/../lib/gcc/mingw32/3.4.2/../../../libmoldname.a(duuds00026.o)
                0x004852b0                filelength
 *fill*         0x004852b8        0x8 00
 .text          0x004852c0        0x8 c:/mingw/bin/../lib/gcc/mingw32/3.4.2/../../../libmsvcrt.a(dwpds00080.o)
                0x004852c0                __set_app_type
 *fill*         0x004852c8        0x8 00
 .text          0x004852d0        0x8 c:/mingw/bin/../lib/gcc/mingw32/3.4.2/../../../libmsvcrt.a(dwpds00121.o)
                0x004852d0                _cexit
 *fill*         0x004852d8        0x8 00
 .text          0x004852e0        0x8 c:/mingw/bin/../lib/gcc/mingw32/3.4.2/../../../libmsvcrt.a(dwpds00060.o)
                0x004852e0                __p__environ
 *fill*         0x004852e8        0x8 00
 .text          0x004852f0        0x8 c:/mingw/bin/../lib/gcc/mingw32/3.4.2/../../../libmsvcrt.a(dwpds00656.o)
                0x004852f0                signal
 *fill*         0x004852f8        0x8 00
 .text          0x00485300        0x8 c:/mingw/bin/../lib/gcc/mingw32/3.4.2/../../../libmsvcrt.a(dwpds00062.o)
                0x00485300                __p__fmode
 *fill*         0x00485308        0x8 00
 .text          0x00485310        0x8 c:/mingw/bin/../lib/gcc/mingw32/3.4.2/../../../libmsvcrt.a(dwpds00388.o)
                0x00485310                _setmode
 *fill*         0x00485318        0x8 00
 .text          0x00485320        0x8 c:/mingw/bin/../lib/gcc/mingw32/3.4.2/../../../libmsvcrt.a(dwpds00039.o)
                0x00485320                __getmainargs
 *fill*         0x00485328        0x8 00
 .text          0x00485330        0x8 c:/mingw/bin/../lib/gcc/mingw32/3.4.2/../../../libmsvcrt.a(dwpds00626.o)
                0x00485330                malloc
 *fill*         0x00485338        0x8 00
 .text          0x00485340        0x8 c:/mingw/bin/../lib/gcc/mingw32/3.4.2/../../../libmsvcrt.a(dwpds00587.o)
                0x00485340                getenv
 *fill*         0x00485348        0x8 00
 .text          0x00485350        0x8 c:/mingw/bin/../lib/gcc/mingw32/3.4.2/../../../libmsvcrt.a(dwpds00575.o)
                0x00485350                free
 *fill*         0x00485358        0x8 00
 .text          0x00485360        0x8 c:/mingw/bin/../lib/gcc/mingw32/3.4.2/../../../libmsvcrt.a(dwpds00554.o)
                0x00485360                exit
 *fill*         0x00485368        0x8 00
 .text          0x00485370        0x8 c:/mingw/bin/../lib/gcc/mingw32/3.4.2/../../../libmsvcrt.a(dwpds00557.o)
                0x00485370                fclose
 *fill*         0x00485378        0x8 00
 .text          0x00485380        0x8 c:/mingw/bin/../lib/gcc/mingw32/3.4.2/../../../libmsvcrt.a(dwpds00665.o)
                0x00485380                strcmp
 *fill*         0x00485388        0x8 00
 .text          0x00485390        0x8 c:/mingw/bin/../lib/gcc/mingw32/3.4.2/../../../libmsvcrt.a(dwpds00563.o)
                0x00485390                fgets
 *fill*         0x00485398        0x8 00
 .text          0x004853a0        0x8 c:/mingw/bin/../lib/gcc/mingw32/3.4.2/../../../libmsvcrt.a(dwpds00667.o)
                0x004853a0                strcpy
 *fill*         0x004853a8        0x8 00
 .text          0x004853b0        0x8 c:/mingw/bin/../lib/gcc/mingw32/3.4.2/../../../libmsvcrt.a(dwpds00659.o)
                0x004853b0                sprintf
 *fill*         0x004853b8        0x8 00
 .text          0x004853c0        0x8 c:/mingw/bin/../lib/gcc/mingw32/3.4.2/../../../libmsvcrt.a(dwpds00671.o)
                0x004853c0                strlen
 *fill*         0x004853c8        0x8 00
 .text          0x004853d0        0x8 c:/mingw/bin/../lib/gcc/mingw32/3.4.2/../../../libmsvcrt.a(dwpds00642.o)
                0x004853d0                puts
 *fill*         0x004853d8        0x8 00
 .text          0x004853e0        0x8 c:/mingw/bin/../lib/gcc/mingw32/3.4.2/../../../libmsvcrt.a(dwpds00634.o)
                0x004853e0                memset
 *fill*         0x004853e8        0x8 00
 .text          0x004853f0        0x8 c:/mingw/bin/../lib/gcc/mingw32/3.4.2/../../../libmsvcrt.a(dwpds00681.o)
                0x004853f0                strtol
 *fill*         0x004853f8        0x8 00
 .text          0x00485400        0x8 c:/mingw/bin/../lib/gcc/mingw32/3.4.2/../../../libmsvcrt.a(dwpds00676.o)
                0x00485400                strrchr
 *fill*         0x00485408        0x8 00
 .text          0x00485410        0x8 c:/mingw/bin/../lib/gcc/mingw32/3.4.2/../../../libmsvcrt.a(dwpds00620.o)
                0x00485410                ldiv
 *fill*         0x00485418        0x8 00
 .text          0x00485420        0x8 c:/mingw/bin/../lib/gcc/mingw32/3.4.2/../../../libmsvcrt.a(dwpds00639.o)
                0x00485420                printf
 *fill*         0x00485428        0x8 00
 .text          0x00485430        0x8 c:/mingw/bin/../lib/gcc/mingw32/3.4.2/../../../libmsvcrt.a(dwpds00663.o)
                0x00485430                strcat
 *fill*         0x00485438        0x8 00
 .text          0x00485440        0x8 c:/mingw/bin/../lib/gcc/mingw32/3.4.2/../../../libmsvcrt.a(dwpds00664.o)
                0x00485440                strchr
 *fill*         0x00485448        0x8 00
 .text          0x00485450        0x8 c:/mingw/bin/../lib/gcc/mingw32/3.4.2/../../../libmsvcrt.a(dwpds00674.o)
                0x00485450                strncpy
 *fill*         0x00485458        0x8 00
 .text          0x00485460        0x8 c:/mingw/bin/../lib/gcc/mingw32/3.4.2/../../../libmsvcrt.a(dwpds00648.o)
                0x00485460                realloc
 *fill*         0x00485468        0x8 00
 .text          0x00485470        0x8 c:/mingw/bin/../lib/gcc/mingw32/3.4.2/../../../libmsvcrt.a(dwpds00543.o)
                0x00485470                atol
 *fill*         0x00485478        0x8 00
 .text          0x00485480        0x8 c:/mingw/bin/../lib/gcc/mingw32/3.4.2/../../../libmsvcrt.a(dwpds00569.o)
                0x00485480                fprintf
 *fill*         0x00485488        0x8 00
 .text          0x00485490        0x8 c:/mingw/bin/../lib/gcc/mingw32/3.4.2/../../../libmsvcrt.a(dwpds00542.o)
                0x00485490                atoi
 *fill*         0x00485498        0x8 00
 .text          0x004854a0        0x8 c:/mingw/bin/../lib/gcc/mingw32/3.4.2/../../../libmsvcrt.a(dwpds00651.o)
                0x004854a0                rewind
 *fill*         0x004854a8        0x8 00
 .text          0x004854b0        0x8 c:/mingw/bin/../lib/gcc/mingw32/3.4.2/../../../libmsvcrt.a(dwpds00679.o)
                0x004854b0                strtod
 *fill*         0x004854b8        0x8 00
 .text          0x004854c0        0x8 c:/mingw/bin/../lib/gcc/mingw32/3.4.2/../../../libmsvcrt.a(dwpds00411.o)
                0x004854c0                _stricmp
 *fill*         0x004854c8        0x8 00
 .text          0x004854d0        0x8 c:/mingw/bin/../lib/gcc/mingw32/3.4.2/../../../libmsvcrt.a(dwpds00568.o)
                0x004854d0                fopen
 *fill*         0x004854d8        0x8 00
 .text          0x004854e0        0x8 c:/mingw/bin/../lib/gcc/mingw32/3.4.2/../../../libmsvcrt.a(dwpds00632.o)
                0x004854e0                memcpy
 *fill*         0x004854e8        0x8 00
 .text          0x004854f0        0x8 c:/mingw/bin/../lib/gcc/mingw32/3.4.2/../../../libmsvcrt.a(dwpds00570.o)
                0x004854f0                fputc
 *fill*         0x004854f8        0x8 00
 .text          0x00485500        0x8 c:/mingw/bin/../lib/gcc/mingw32/3.4.2/../../../libmsvcrt.a(dwpds00583.o)
                0x00485500                fwrite
 *fill*         0x00485508        0x8 00
 .text          0x00485510        0x8 c:/mingw/bin/../lib/gcc/mingw32/3.4.2/../../../libmsvcrt.a(dwpds00682.o)
                0x00485510                strtoul
 *fill*         0x00485518        0x8 00
 .text          0x00485520        0x8 c:/mingw/bin/../lib/gcc/mingw32/3.4.2/../../../libmsvcrt.a(dwpds00657.o)
                0x00485520                sin
 *fill*         0x00485528        0x8 00
 .text          0x00485530        0x8 c:/mingw/bin/../lib/gcc/mingw32/3.4.2/../../../libmsvcrt.a(dwpds00549.o)
                0x00485530                cos
 *fill*         0x00485538        0x8 00
 .text          0x00485540        0x8 c:/mingw/bin/../lib/gcc/mingw32/3.4.2/../../../libmsvcrt.a(dwpds00660.o)
                0x00485540                sqrt
 *fill*         0x00485548        0x8 00
 .text          0x00485550        0x8 c:/mingw/bin/../lib/gcc/mingw32/3.4.2/../../../libmsvcrt.a(dwpds00566.o)
                0x00485550                floor
 *fill*         0x00485558        0x8 00
 .text          0x00485560        0x8 c:/mingw/bin/../lib/gcc/mingw32/3.4.2/../../../libmsvcrt.a(dwpds00152.o)
                0x00485560                _errno
 *fill*         0x00485568        0x8 00
 .text          0x00485570        0x8 c:/mingw/bin/../lib/gcc/mingw32/3.4.2/../../../libmsvcrt.a(dwpds00647.o)
                0x00485570                rand
 *fill*         0x00485578        0x8 00
 .text          0x00485580        0x8 c:/mingw/bin/../lib/gcc/mingw32/3.4.2/../../../libmsvcrt.a(dwpds00545.o)
                0x00485580                calloc
 *fill*         0x00485588        0x8 00
 .text          0x00485590        0x8 c:/mingw/bin/../lib/gcc/mingw32/3.4.2/../../../libmsvcrt.a(dwpds00638.o)
                0x00485590                pow
 *fill*         0x00485598        0x8 00
 .text          0x004855a0        0x8 c:/mingw/bin/../lib/gcc/mingw32/3.4.2/../../../libmsvcrt.a(dwpds00645.o)
                0x004855a0                qsort
 *fill*         0x004855a8        0x8 00
 .text          0x004855b0        0x8 c:/mingw/bin/../lib/gcc/mingw32/3.4.2/../../../libmsvcrt.a(dwpds00655.o)
                0x004855b0                setvbuf
 *fill*         0x004855b8        0x8 00
 .text          0x004855c0        0x8 c:/mingw/bin/../lib/gcc/mingw32/3.4.2/../../../libmsvcrt.a(dwpds00576.o)
                0x004855c0                freopen
 *fill*         0x004855c8        0x8 00
 .text          0x004855d0        0x8 c:/mingw/bin/../lib/gcc/mingw32/3.4.2/../../../libmsvcrt.a(dwpds00701.o)
                0x004855d0                vsprintf
 *fill*         0x004855d8        0x8 00
 .text          0x004855e0        0x8 c:/mingw/bin/../lib/gcc/mingw32/3.4.2/../../../libmsvcrt.a(dwpds00445.o)
                0x004855e0                _vsnprintf
 *fill*         0x004855e8        0x8 00
 .text          0x004855f0        0x8 c:/mingw/bin/../lib/gcc/mingw32/3.4.2/../../../libmsvcrt.a(dwpds00574.o)
                0x004855f0                fread
 *fill*         0x004855f8        0x8 00
 .text          0x00485600        0x8 c:/mingw/bin/../lib/gcc/mingw32/3.4.2/../../../libmsvcrt.a(dwpds00571.o)
                0x00485600                fputs
 *fill*         0x00485608        0x8 00
 .text          0x00485610        0x8 c:/mingw/bin/../lib/gcc/mingw32/3.4.2/../../../libmsvcrt.a(dwpds00633.o)
                0x00485610                memmove
 *fill*         0x00485618        0x8 00
 .text          0x00485620        0x8 c:/mingw/bin/../lib/gcc/mingw32/3.4.2/../../../libmsvcrt.a(dwpds00415.o)
                0x00485620                _strnicmp
 *fill*         0x00485628        0x8 00
 .text          0x00485630        0x8 c:/mingw/bin/../lib/gcc/mingw32/3.4.2/../../../libmsvcrt.a(dwpds00207.o)
                0x00485630                _getdcwd
 *fill*         0x00485638        0x8 00
 .text          0x00485640        0x8 c:/mingw/bin/../lib/gcc/mingw32/3.4.2/../../../libmsvcrt.a(dwpds00693.o)
                0x00485640                toupper
 *fill*         0x00485648        0x8 00
 .text          0x00485650        0x8 c:/mingw/bin/../lib/gcc/mingw32/3.4.2/../../../libmsvcrt.a(dwpds00581.o)
                0x00485650                ftell
 *fill*         0x00485658        0x8 00
 .text          0x00485660        0x8 c:/mingw/bin/../lib/gcc/mingw32/3.4.2/../../../libmsvcrt.a(dwpds00579.o)
                0x00485660                fseek
 *fill*         0x00485668        0x8 00
 .text          0x00485670        0x8 c:/mingw/bin/../lib/gcc/mingw32/3.4.2/../../../libmsvcrt.a(dwpds00280.o)
                0x00485670                _lrotl
 *fill*         0x00485678        0x8 00
 .text          0x00485680        0x8 c:/mingw/bin/../lib/gcc/mingw32/3.4.2/../../../libmsvcrt.a(dwpds00175.o)
                0x00485680                _findclose
 *fill*         0x00485688        0x8 00
 .text          0x00485690        0x8 c:/mingw/bin/../lib/gcc/mingw32/3.4.2/../../../libmsvcrt.a(dwpds00179.o)
                0x00485690                _findnext
 *fill*         0x00485698        0x8 00
 .text          0x004856a0        0x8 c:/mingw/bin/../lib/gcc/mingw32/3.4.2/../../../libmsvcrt.a(dwpds00176.o)
                0x004856a0                _findfirst
 *fill*         0x004856a8        0x8 00
 .text          0x004856b0        0x8 c:/mingw/bin/../lib/gcc/mingw32/3.4.2/../../../libmsvcrt.a(dwpds00198.o)
                0x004856b0                _fullpath
 *fill*         0x004856b8        0x8 00
 .text          0x004856c0        0x8 c:/mingw/bin/../lib/gcc/mingw32/3.4.2/../../../libmsvcrt.a(dwpds00533.o)
                0x004856c0                abort
 *fill*         0x004856c8        0x8 00
 .text          0x004856d0        0x8 c:/mingw/bin/../lib/gcc/mingw32/3.4.2/../../../libmsvcrt.a(dwpds00560.o)
                0x004856d0                fflush
 *fill*         0x004856d8        0x8 00
 .text          0x004856e0        0x8 c:/mingw/bin/../lib/gcc/mingw32/3.4.2/../../../libgdi32.a(deubs00145.o)
                0x004856e0                GetDeviceCaps@8
 *fill*         0x004856e8        0x8 00
 .text          0x004856f0        0x8 c:/mingw/bin/../lib/gcc/mingw32/3.4.2/../../../libgdi32.a(deubs00072.o)
                0x004856f0                DeleteObject@4
 *fill*         0x004856f8        0x8 00
 .text          0x00485700        0x8 c:/mingw/bin/../lib/gcc/mingw32/3.4.2/../../../libgdi32.a(deubs00012.o)
                0x00485700                BitBlt@36
 *fill*         0x00485708        0x8 00
 .text          0x00485710        0x8 c:/mingw/bin/../lib/gcc/mingw32/3.4.2/../../../libgdi32.a(deubs00294.o)
                0x00485710                SetDeviceGammaRamp@8
 *fill*         0x00485718        0x8 00
 .text          0x00485720        0x8 c:/mingw/bin/../lib/gcc/mingw32/3.4.2/../../../libgdi32.a(deubs00291.o)
                0x00485720                SetDIBColorTable@16
 *fill*         0x00485728        0x8 00
 .text          0x00485730        0x8 c:/mingw/bin/../lib/gcc/mingw32/3.4.2/../../../libgdi32.a(deubs00315.o)
                0x00485730                SetSystemPaletteUse@8
 *fill*         0x00485738        0x8 00
 .text          0x00485740        0x8 c:/mingw/bin/../lib/gcc/mingw32/3.4.2/../../../libgdi32.a(deubs00306.o)
                0x00485740                SetPaletteEntries@16
 *fill*         0x00485748        0x8 00
 .text          0x00485750        0x8 c:/mingw/bin/../lib/gcc/mingw32/3.4.2/../../../libgdi32.a(deubs00278.o)
                0x00485750                SelectPalette@12
 *fill*         0x00485758        0x8 00
 .text          0x00485760        0x8 c:/mingw/bin/../lib/gcc/mingw32/3.4.2/../../../libgdi32.a(deubs00256.o)
                0x00485760                RealizePalette@4
 *fill*         0x00485768        0x8 00
 .text          0x00485770        0x8 c:/mingw/bin/../lib/gcc/mingw32/3.4.2/../../../libgdi32.a(deubs00055.o)
                0x00485770                CreatePalette@4
 *fill*         0x00485778        0x8 00
 .text          0x00485780        0x8 c:/mingw/bin/../lib/gcc/mingw32/3.4.2/../../../libgdi32.a(deubs00069.o)
                0x00485780                DeleteDC@4
 *fill*         0x00485788        0x8 00
 .text          0x00485790        0x8 c:/mingw/bin/../lib/gcc/mingw32/3.4.2/../../../libgdi32.a(deubs00015.o)
                0x00485790                ChoosePixelFormat@8
 *fill*         0x00485798        0x8 00
 .text          0x004857a0        0x8 c:/mingw/bin/../lib/gcc/mingw32/3.4.2/../../../libgdi32.a(deubs00308.o)
                0x004857a0                SetPixelFormat@12
 *fill*         0x004857a8        0x8 00
 .text          0x004857b0        0x8 c:/mingw/bin/../lib/gcc/mingw32/3.4.2/../../../libgdi32.a(deubs00038.o)
                0x004857b0                CreateDIBSection@24
 *fill*         0x004857b8        0x8 00
 .text          0x004857c0        0x8 c:/mingw/bin/../lib/gcc/mingw32/3.4.2/../../../libgdi32.a(deubs00033.o)
                0x004857c0                CreateCompatibleDC@4
 *fill*         0x004857c8        0x8 00
 .text          0x004857d0        0x8 c:/mingw/bin/../lib/gcc/mingw32/3.4.2/../../../libgdi32.a(deubs00277.o)
                0x004857d0                SelectObject@8
 *fill*         0x004857d8        0x8 00
 .text          0x004857e0        0x8 c:/mingw/bin/../lib/gcc/mingw32/3.4.2/../../../libgdi32.a(deubs00146.o)
                0x004857e0                GetDeviceGammaRamp@8
 *fill*         0x004857e8        0x8 00
 .text          0x004857f0        0x8 c:/mingw/bin/../lib/gcc/mingw32/3.4.2/../../../libuser32.a(dgdfs00502.o)
                0x004857f0                SendMessageA@16
 *fill*         0x004857f8        0x8 00
 .text          0x00485800        0x8 c:/mingw/bin/../lib/gcc/mingw32/3.4.2/../../../libuser32.a(dgdfs00143.o)
                0x00485800                DestroyWindow@4
 *fill*         0x00485808        0x8 00
 .text          0x00485810        0x8 c:/mingw/bin/../lib/gcc/mingw32/3.4.2/../../../libuser32.a(dgdfs00252.o)
                0x00485810                GetDlgItem@8
 *fill*         0x00485818        0x8 00
 .text          0x00485820        0x8 c:/mingw/bin/../lib/gcc/mingw32/3.4.2/../../../libuser32.a(dgdfs00579.o)
                0x00485820                ShowWindow@8
 *fill*         0x00485828        0x8 00
 .text          0x00485830        0x8 c:/mingw/bin/../lib/gcc/mingw32/3.4.2/../../../libuser32.a(dgdfs00346.o)
                0x00485830                GetWindowRect@8
 *fill*         0x00485838        0x8 00
 .text          0x00485840        0x8 c:/mingw/bin/../lib/gcc/mingw32/3.4.2/../../../libuser32.a(dgdfs00441.o)
                0x00485840                MoveWindow@24
 *fill*         0x00485848        0x8 00
 .text          0x00485850        0x8 c:/mingw/bin/../lib/gcc/mingw32/3.4.2/../../../libuser32.a(dgdfs00079.o)
                0x00485850                CreateDialogParamA@20
 *fill*         0x00485858        0x8 00
 .text          0x00485860        0x8 c:/mingw/bin/../lib/gcc/mingw32/3.4.2/../../../libuser32.a(dgdfs00179.o)
                0x00485860                EnableWindow@8
 *fill*         0x00485868        0x8 00
 .text          0x00485870        0x8 c:/mingw/bin/../lib/gcc/mingw32/3.4.2/../../../libuser32.a(dgdfs00390.o)
                0x00485870                IsWindow@4
 *fill*         0x00485878        0x8 00
 .text          0x00485880        0x8 c:/mingw/bin/../lib/gcc/mingw32/3.4.2/../../../libuser32.a(dgdfs00483.o)
                0x00485880                RegisterHotKey@16
 *fill*         0x00485888        0x8 00
 .text          0x00485890        0x8 c:/mingw/bin/../lib/gcc/mingw32/3.4.2/../../../libuser32.a(dgdfs00612.o)
                0x00485890                UnregisterHotKey@8
 *fill*         0x00485898        0x8 00
 .text          0x004858a0        0x8 c:/mingw/bin/../lib/gcc/mingw32/3.4.2/../../../libuser32.a(dgdfs00430.o)
                0x004858a0                MessageBoxA@16
 *fill*         0x004858a8        0x8 00
 .text          0x004858b0        0x8 c:/mingw/bin/../lib/gcc/mingw32/3.4.2/../../../libuser32.a(dgdfs00568.o)
                0x004858b0                SetWindowTextA@8
 *fill*         0x004858b8        0x8 00
 .text          0x004858c0        0x8 c:/mingw/bin/../lib/gcc/mingw32/3.4.2/../../../libuser32.a(dgdfs00251.o)
                0x004858c0                GetDlgCtrlID@4
 *fill*         0x004858c8        0x8 00
 .text          0x004858d0        0x8 c:/mingw/bin/../lib/gcc/mingw32/3.4.2/../../../libuser32.a(dgdfs00323.o)
                0x004858d0                GetSysColorBrush@4
 *fill*         0x004858d8        0x8 00
 .text          0x004858e0        0x8 c:/mingw/bin/../lib/gcc/mingw32/3.4.2/../../../libuser32.a(dgdfs00399.o)
                0x004858e0                LoadBitmapA@8
 *fill*         0x004858e8        0x8 00
 .text          0x004858f0        0x8 c:/mingw/bin/../lib/gcc/mingw32/3.4.2/../../../libuser32.a(dgdfs00499.o)
                0x004858f0                SendDlgItemMessageA@20
 *fill*         0x004858f8        0x8 00
 .text          0x00485900        0x8 c:/mingw/bin/../lib/gcc/mingw32/3.4.2/../../../libuser32.a(dgdfs00235.o)
                0x00485900                GetClientRect@8
 *fill*         0x00485908        0x8 00
 .text          0x00485910        0x8 c:/mingw/bin/../lib/gcc/mingw32/3.4.2/../../../libuser32.a(dgdfs00325.o)
                0x00485910                GetSystemMetrics@4
 *fill*         0x00485918        0x8 00
 .text          0x00485920        0x8 c:/mingw/bin/../lib/gcc/mingw32/3.4.2/../../../libuser32.a(dgdfs00340.o)
                0x00485920                GetWindowLongA@8
 *fill*         0x00485928        0x8 00
 .text          0x00485930        0x8 c:/mingw/bin/../lib/gcc/mingw32/3.4.2/../../../libuser32.a(dgdfs00001.o)
                0x00485930                AdjustWindowRect@12
 *fill*         0x00485938        0x8 00
 .text          0x00485940        0x8 c:/mingw/bin/../lib/gcc/mingw32/3.4.2/../../../libuser32.a(dgdfs00247.o)
                0x00485940                GetDC@4
 *fill*         0x00485948        0x8 00
 .text          0x00485950        0x8 c:/mingw/bin/../lib/gcc/mingw32/3.4.2/../../../libuser32.a(dgdfs00488.o)
                0x00485950                ReleaseDC@8
 *fill*         0x00485958        0x8 00
 .text          0x00485960        0x8 c:/mingw/bin/../lib/gcc/mingw32/3.4.2/../../../libuser32.a(dgdfs00566.o)
                0x00485960                SetWindowPos@28
 *fill*         0x00485968        0x8 00
 .text          0x00485970        0x8 c:/mingw/bin/../lib/gcc/mingw32/3.4.2/../../../libuser32.a(dgdfs00460.o)
                0x00485970                PeekMessageA@20
 *fill*         0x00485978        0x8 00
 .text          0x00485980        0x8 c:/mingw/bin/../lib/gcc/mingw32/3.4.2/../../../libuser32.a(dgdfs00381.o)
                0x00485980                IsDialogMessageA@8
 *fill*         0x00485988        0x8 00
 .text          0x00485990        0x8 c:/mingw/bin/../lib/gcc/mingw32/3.4.2/../../../libuser32.a(dgdfs00602.o)
                0x00485990                TranslateMessage@4
 *fill*         0x00485998        0x8 00
 .text          0x004859a0        0x8 c:/mingw/bin/../lib/gcc/mingw32/3.4.2/../../../libuser32.a(dgdfs00148.o)
                0x004859a0                DispatchMessageA@4
 *fill*         0x004859a8        0x8 00
 .text          0x004859b0        0x8 c:/mingw/bin/../lib/gcc/mingw32/3.4.2/../../../libuser32.a(dgdfs00442.o)
                0x004859b0                MsgWaitForMultipleObjects@20
 *fill*         0x004859b8        0x8 00
 .text          0x004859c0        0x8 c:/mingw/bin/../lib/gcc/mingw32/3.4.2/../../../libuser32.a(dgdfs00267.o)
                0x004859c0                GetKeyState@4
 *fill*         0x004859c8        0x8 00
 .text          0x004859d0        0x8 c:/mingw/bin/../lib/gcc/mingw32/3.4.2/../../../libuser32.a(dgdfs00193.o)
                0x004859d0                EnumDisplaySettingsA@12
 *fill*         0x004859d8        0x8 00
 .text          0x004859e0        0x8 c:/mingw/bin/../lib/gcc/mingw32/3.4.2/../../../libuser32.a(dgdfs00029.o)
                0x004859e0                ChangeDisplaySettingsA@8
 *fill*         0x004859e8        0x8 00
 .text          0x004859f0        0x8 c:/mingw/bin/../lib/gcc/mingw32/3.4.2/../../../libuser32.a(dgdfs00552.o)
                0x004859f0                SetSysColors@12
 *fill*         0x004859f8        0x8 00
 .text          0x00485a00        0x8 c:/mingw/bin/../lib/gcc/mingw32/3.4.2/../../../libuser32.a(dgdfs00133.o)
                0x00485a00                DefWindowProcA@16
 *fill*         0x00485a08        0x8 00
 .text          0x00485a10        0x8 c:/mingw/bin/../lib/gcc/mingw32/3.4.2/../../../libuser32.a(dgdfs00089.o)
                0x00485a10                CreateWindowExA@48
 *fill*         0x00485a18        0x8 00
 .text          0x00485a20        0x8 c:/mingw/bin/../lib/gcc/mingw32/3.4.2/../../../libuser32.a(dgdfs00528.o)
                0x00485a20                SetForegroundWindow@4
 *fill*         0x00485a28        0x8 00
 .text          0x00485a30        0x8 c:/mingw/bin/../lib/gcc/mingw32/3.4.2/../../../libuser32.a(dgdfs00527.o)
                0x00485a30                SetFocus@4
 *fill*         0x00485a38        0x8 00
 .text          0x00485a40        0x8 c:/mingw/bin/../lib/gcc/mingw32/3.4.2/../../../libuser32.a(dgdfs00563.o)
                0x00485a40                SetWindowLongA@12
 *fill*         0x00485a48        0x8 00
 .text          0x00485a50        0x8 c:/mingw/bin/../lib/gcc/mingw32/3.4.2/../../../libuser32.a(dgdfs00614.o)
                0x00485a50                UpdateWindow@4
 *fill*         0x00485a58        0x8 00
 .text          0x00485a60        0x8 c:/mingw/bin/../lib/gcc/mingw32/3.4.2/../../../libuser32.a(dgdfs00045.o)
                0x00485a60                CharToOemA@8
 *fill*         0x00485a68        0x8 00
 .text          0x00485a70        0x8 c:/mingw/bin/../lib/gcc/mingw32/3.4.2/../../../libuser32.a(dgdfs00322.o)
                0x00485a70                GetSysColor@4
 *fill*         0x00485a78        0x8 00
 .text          0x00485a80        0x8 c:/mingw/bin/../lib/gcc/mingw32/3.4.2/../../../libuser32.a(dgdfs00407.o)
                0x00485a80                LoadImageA@24
 *fill*         0x00485a88        0x8 00
 .text          0x00485a90        0x8 c:/mingw/bin/../lib/gcc/mingw32/3.4.2/../../../libuser32.a(dgdfs00401.o)
                0x00485a90                LoadCursorA@8
 *fill*         0x00485a98        0x8 00
 .text          0x00485aa0        0x8 c:/mingw/bin/../lib/gcc/mingw32/3.4.2/../../../libuser32.a(dgdfs00476.o)
                0x00485aa0                RegisterClassExA@4
 *fill*         0x00485aa8        0x8 00
 .text          0x00485ab0        0x8 c:/mingw/bin/../lib/gcc/mingw32/3.4.2/../../../libuser32.a(dgdfs00633.o)
                0x00485ab0                wsprintfA
 *fill*         0x00485ab8        0x8 00
 .text          0x00485ac0        0x8 c:/mingw/bin/../lib/gcc/mingw32/3.4.2/../../../libkernel32.a(dqifs00736.o)
                0x00485ac0                SetUnhandledExceptionFilter@4
 *fill*         0x00485ac8        0x8 00
 .text          0x00485ad0        0x8 c:/mingw/bin/../lib/gcc/mingw32/3.4.2/../../../libkernel32.a(dqifs00155.o)
                0x00485ad0                ExitProcess@4
 *fill*         0x00485ad8        0x8 00
 .text          0x00485ae0        0x8 c:/mingw/bin/../lib/gcc/mingw32/3.4.2/../../../libkernel32.a(dqifs00806.o)
                0x00485ae0                WaitForSingleObject@8
 *fill*         0x00485ae8        0x8 00
 .text          0x00485af0        0x8 c:/mingw/bin/../lib/gcc/mingw32/3.4.2/../../../libkernel32.a(dqifs00595.o)
                0x00485af0                QueryPerformanceCounter@4
 *fill*         0x00485af8        0x8 00
 .text          0x00485b00        0x8 c:/mingw/bin/../lib/gcc/mingw32/3.4.2/../../../libkernel32.a(dqifs00038.o)
                0x00485b00                CloseHandle@4
 *fill*         0x00485b08        0x8 00
 .text          0x00485b10        0x8 c:/mingw/bin/../lib/gcc/mingw32/3.4.2/../../../libkernel32.a(dqifs00213.o)
                0x00485b10                FreeLibrary@4
 *fill*         0x00485b18        0x8 00
 .text          0x00485b20        0x8 c:/mingw/bin/../lib/gcc/mingw32/3.4.2/../../../libkernel32.a(dqifs00281.o)
                0x00485b20                GetCurrentProcess@0
 *fill*         0x00485b28        0x8 00
 .text          0x00485b30        0x8 c:/mingw/bin/../lib/gcc/mingw32/3.4.2/../../../libkernel32.a(dqifs00716.o)
                0x00485b30                SetPriorityClass@8
 *fill*         0x00485b38        0x8 00
 .text          0x00485b40        0x8 c:/mingw/bin/../lib/gcc/mingw32/3.4.2/../../../libkernel32.a(dqifs00323.o)
                0x00485b40                GetLastError@0
 *fill*         0x00485b48        0x8 00
 .text          0x00485b50        0x8 c:/mingw/bin/../lib/gcc/mingw32/3.4.2/../../../libkernel32.a(dqifs00208.o)
                0x00485b50                FormatMessageA@28
 *fill*         0x00485b58        0x8 00
 .text          0x00485b60        0x8 c:/mingw/bin/../lib/gcc/mingw32/3.4.2/../../../libkernel32.a(dqifs00596.o)
                0x00485b60                QueryPerformanceFrequency@4
 *fill*         0x00485b68        0x8 00
 .text          0x00485b70        0x8 c:/mingw/bin/../lib/gcc/mingw32/3.4.2/../../../libkernel32.a(dqifs00362.o)
                0x00485b70                GetProcAddress@8
 *fill*         0x00485b78        0x8 00
 .text          0x00485b80        0x8 c:/mingw/bin/../lib/gcc/mingw32/3.4.2/../../../libkernel32.a(dqifs00064.o)
                0x00485b80                CreateEventA@16
 *fill*         0x00485b88        0x8 00
 .text          0x00485b90        0x8 c:/mingw/bin/../lib/gcc/mingw32/3.4.2/../../../libkernel32.a(dqifs00522.o)
                0x00485b90                LoadLibraryA@4
 *fill*         0x00485b98        0x8 00
 .text          0x00485ba0        0x8 c:/mingw/bin/../lib/gcc/mingw32/3.4.2/../../../libkernel32.a(dqifs00431.o)
                0x00485ba0                GetVersionExA@4
 *fill*         0x00485ba8        0x8 00
 .text          0x00485bb0        0x8 c:/mingw/bin/../lib/gcc/mingw32/3.4.2/../../../libkernel32.a(dqifs00236.o)
                0x00485bb0                GetCommandLineA@0
 *fill*         0x00485bb8        0x8 00
 .text          0x00485bc0        0x8 c:/mingw/bin/../lib/gcc/mingw32/3.4.2/../../../libkernel32.a(dqifs00087.o)
                0x00485bc0                CreateSemaphoreA@16
 *fill*         0x00485bc8        0x8 00
 .text          0x00485bd0        0x8 c:/mingw/bin/../lib/gcc/mingw32/3.4.2/../../../libkernel32.a(dqifs00329.o)
                0x00485bd0                GetLogicalDrives@0
 *fill*         0x00485bd8        0x8 00
 .text          0x00485be0        0x8 c:/mingw/bin/../lib/gcc/mingw32/3.4.2/../../../libkernel32.a(dqifs00458.o)
                0x00485be0                GlobalMemoryStatus@4
 *fill*         0x00485be8        0x8 00
 .text          0x00485bf0        0x8 c:/mingw/bin/../lib/gcc/mingw32/3.4.2/../../../libkernel32.a(dqifs00177.o)
                0x00485bf0                FindClose@4
 *fill*         0x00485bf8        0x8 00
 .text          0x00485c00        0x8 c:/mingw/bin/../lib/gcc/mingw32/3.4.2/../../../libkernel32.a(dqifs00190.o)
                0x00485c00                FindNextFileA@8
 *fill*         0x00485c08        0x8 00
 .text          0x00485c10        0x8 c:/mingw/bin/../lib/gcc/mingw32/3.4.2/../../../libkernel32.a(dqifs00181.o)
                0x00485c10                FindFirstFileA@8
 *fill*         0x00485c18        0x8 00
 .text          0x00485c20        0x8 c:/mingw/bin/../lib/gcc/mingw32/3.4.2/../../../libkernel32.a(dqifs00306.o)
                0x00485c20                GetFileAttributesA@4
 *fill*         0x00485c28        0x8 00
 .text          0x00485c30        0x8 c:/mingw/bin/../lib/gcc/mingw32/3.4.2/../../../libkernel32.a(dqifs00384.o)
                0x00485c30                GetStartupInfoA@4
 *fill*         0x00485c38        0x8 00
 .text          0x00485c40        0x8 c:/mingw/bin/../lib/gcc/mingw32/3.4.2/../../../libkernel32.a(dqifs00335.o)
                0x00485c40                GetModuleHandleA@4
 *fill*         0x00485c48        0x8 00
 .text          0x00485c50        0x8 c:/mingw/bin/../lib/gcc/mingw32/3.4.2/../../../libkernel32.a(dqifs00220.o)
                0x00485c50                GetAtomNameA@12
 *fill*         0x00485c58        0x8 00
 .text          0x00485c60        0x8 c:/mingw/bin/../lib/gcc/mingw32/3.4.2/../../../libkernel32.a(dqifs00175.o)
                0x00485c60                FindAtomA@4
 *fill*         0x00485c68        0x8 00
 .text          0x00485c70        0x8 c:/mingw/bin/../lib/gcc/mingw32/3.4.2/../../../libkernel32.a(dqifs00001.o)
                0x00485c70                AddAtomA@4
 *fill*         0x00485c78        0x8 00
 .text          0x00485c80        0x8 c:/mingw/bin/../lib/gcc/mingw32/3.4.2/../../../libshell32.a(dsjes00104.o)
                0x00485c80                SHGetSpecialFolderPathA@16
 *fill*         0x00485c88        0x8 00
 .text          0x00485c90       0x10 c:/mingw/bin/../lib/gcc/mingw32/3.4.2/crtend.o
 *(SORT(.text$*))
 *(.glue_7t)
 *(.glue_7)
                0x00485ca0                ___CTOR_LIST__ = .
                0x00485ca0                __CTOR_LIST__ = .
                0x00485ca0        0x4 LONG 0xffffffff
 *(EXCLUDE_FILE(*crtend.o) .ctors)
 *(.ctor)
 *(SORT(.ctors.*))
 *crtend.o(.ctors)
 .ctors         0x00485ca4        0x4 c:/mingw/bin/../lib/gcc/mingw32/3.4.2/crtend.o
                0x00485ca8        0x4 LONG 0x0
                0x00485cac                ___DTOR_LIST__ = .
                0x00485cac                __DTOR_LIST__ = .
                0x00485cac        0x4 LONG 0xffffffff
 *(EXCLUDE_FILE(*crtend.o) .dtors)
 *(.dtor)
 *(SORT(.dtors.*))
 *crtend.o(.dtors)
                0x00485cb0        0x4 LONG 0x0
 *(.fini)
 *(.gcc_exc)
                0x00485cb4                PROVIDE (etext, .)
 *(.gcc_except_table)

.data           0x00486000     0x5a00
                0x00486000                __data_start__ = .
 *(.data)
 .data          0x00486000      0x1a0 obj/astub.o
                0x00486100                Help3d
                0x004860c4                SKILLMODE
                0x00486028                skill
                0x0048600d                keys
                0x0048602b                autosave
                0x00486180                fofsizey
                0x004860a0                SpriteMode
                0x00486184                mouseadd
                0x00486030                startwin_labeltext
                0x00486024                MinD
                0x0048617c                fofsizex
                0x00486029                framerateon
                0x00486022                MinRate
                0x00486000                defsfilename
                0x0048602c                updownunits
                0x00486004                option
                0x0048602a                tabgraphic
                0x004860d8                SPRDSPMODE
                0x00486040                Help2d
 .data          0x004861a0       0x50 eobj/libbuild.a(build.o)
                0x004861a0                somethingintab
                0x004861d0                horiz
                0x004861b0                grid
                0x004861c4                xdimgame
                0x004861c0                ydimgame
                0x004861a2                highlightsectorcnt
                0x004861c8                ydim2d
                0x004861b4                kensplayerheight
                0x004861cc                xdim2d
                0x004861d4                buildkeys
                0x004861a8                zoom
                0x004861bc                bppgame
                0x004861ae                gridlock
                0x004861ac                showtags
                0x004861b8                zlock
                0x004861a4                gettilezoom
 .data          0x004861f0       0x80 eobj/libbuild.a(config.o)
 .data          0x00486270     0x16e0 eobj/libengine.a(engine.o)
                0x00487868                usevoxels
                0x00486270                drawlinepat
                0x00486284                glanisotropy
                0x00486fd0                textfont
                0x0048785c                beforedrawrooms
                0x004867d0                smalltextfont
                0x00487850                pow2char
                0x00487864                editorgridextent
                0x0048627c                gltexfiltermode
                0x00486280                glusetexcompr
                0x004867b4                hitscangoalx
                0x004867b0                hitscangoaly
                0x00486290                apptitle
                0x00486390                msens
                0x00487860                dommxoverlay
                0x00486398                searchx
                0x00487858                mapversion
                0x004867bc                engineerrstr
                0x004867b8                xdimen
                0x00486274                clipmoveboxtracenum
                0x004877d0                pow2long
                0x004863b0                vgapal16
                0x00486278                glusetexcachecompression
                0x00486288                usehightile
                0x0048628c                usemodels
 .data          0x00487950     0x1620 eobj/libengine.a(winlayer.o)
                0x00487a2c                xres
                0x00487a28                yres
                0x00487950                joyfeatures_C218046D
                0x00487a24                maxrefreshfreq
                0x004879f0                joyfeatures_C20A046D
                0x00487a20                modechange
                0x00487a18                appactive
                0x00487a30                backgroundidle
                0x00487a1c                glcolourdepth
 .data          0x00488f70      0x240 eobj/libengine.a(cache1d.o)
 .data          0x004891b0       0x50 eobj/libengine.a(osd.o)
 .data          0x00489200      0x3a0 eobj/libengine.a(defs.o)
 .data          0x004895a0       0x20 eobj/libengine.a(baselayer.o)
                0x004895a0                baselayer_onvideomodechange
                0x004895a4                glinfo
 .data          0x004895c0     0x203b eobj/libengine.a(a.o)
                0x0048b010                rmhlineasm4
                0x0048b110                qrhlineasm4
                0x00489b40                vlineasm1
                0x00489a10                setupvlineasm
                0x00489db0                vlineasm4
                0x0048b090                setupqrhlineasm4
                0x0048ae90                rhlineasm4
                0x00489be0                fixtransluscence
                0x00489d40                tvlineasm1
                0x0048a9c0                setuptvlineasm2
                0x00489760                setuphlineasm4
                0x0048a490                spritevline
                0x0048b240                drawslab
                0x0048a5f0                tspritevline
                0x00489720                setpalookupaddress
                0x0048a820                tsethlineshift
                0x00489680                prosethlinesizes
                0x0048a6a0                mhline
                0x0048abb0                slopevlin2
                0x0048a5a0                tsetupspritevline
                0x0048ac90                slopevlin
                0x00489a70                prosetupvlineasm
                0x004897a0                hlineasm4
                0x0048a1b0                mvlineasm4
                0x004895c0                sethlinesizes
                0x00489f90                provlineasm4
                0x00489b90                mvlineasm1
                0x0048b44f                stretchhline
                0x0048a540                mspritevline
                0x0048a710                mhlineskipmodify
                0x00489b00                prevlineasm1
                0x0048a4f0                msetupspritevline
                0x0048a850                thline
                0x0048ac30                setupslopevlin
                0x00489cb0                settransreverse
                0x00489ad0                setupmvlineasm
                0x0048ab40                setupslopevlin2
                0x0048a670                msethlineshift
                0x0048aa00                tvlineasm2
                0x0048b1da                setupdrawslab
                0x0048add0                setuprhlineasm4
                0x00489c20                settransnormal
                0x00489af0                setuptvlineasm
                0x0048a8c0                thlineskipmodify
                0x00489750                prosetpalookupaddress
                0x004896c0                setvlinebpl
                0x0048afd0                setuprmhlineasm4
                0x0048b4f0                mmxoverlay
                0x0048a440                setupspritevline
                0x004899b0                prohlineasm4
 *fill*         0x0048b5fb        0x5 00
 .data          0x0048b600       0x40 eobj/libengine.a(md4.o)
 .data          0x0048b640      0x1a0 eobj/libengine.a(kplib.o)
 .data          0x0048b7e0       0x10 c:/mingw/bin/../lib/gcc/mingw32/3.4.2/../../../libmingw32.a(CRTglob.o)
                0x0048b7e0                _CRT_glob
 .data          0x0048b7f0       0x10 c:/mingw/bin/../lib/gcc/mingw32/3.4.2/../../../libmingw32.a(txtmode.o)
                0x0048b7f0                _fmode
 .data          0x0048b800       0x10 c:/mingw/bin/../lib/gcc/mingw32/3.4.2/../../../libmingw32.a(gccmain.o)
 .data          0x0048b810       0x10 c:/mingw/bin/../lib/gcc/mingw32/3.4.2/libgcc.a(w32-shared-ptr.o)
 *(.data2)
 *(SORT(.data$*))
                0x0048b820                __data_end__ = .
 *(.data_cygwin_nocopy)

.rdata          0x0048c000     0x8a00
 *(.rdata)
 .rdata         0x0048c000     0x1fd0 obj/astub.o
 .rdata         0x0048dfd0      0xd10 eobj/libbuild.a(build.o)
 .rdata         0x0048ece0      0xe60 eobj/libbuild.a(config.o)
 .rdata         0x0048fb40       0x20 eobj/libbuild.a(buildstartwin.o)
 .rdata         0x0048fb60      0xed0 eobj/libengine.a(engine.o)
 .rdata         0x00490a30     0x1d70 eobj/libengine.a(winlayer.o)
                0x00490b0c                c_dfDIMouse
                0x00490af4                c_dfDIJoystick
                0x00490b24                c_dfDIKeyboard
 .rdata         0x004927a0      0x200 eobj/libengine.a(cache1d.o)
 .rdata         0x004929a0      0x380 eobj/libengine.a(osd.o)
 .rdata         0x00492d20       0x10 eobj/libengine.a(compat.o)
 .rdata         0x00492d30      0xc10 eobj/libengine.a(defs.o)
 .rdata         0x00493940      0x390 eobj/libengine.a(glbuild.o)
 .rdata         0x00493cd0      0x510 eobj/libengine.a(baselayer.o)
 .rdata         0x004941e0       0xf0 eobj/libengine.a(scriptfile.o)
 .rdata         0x004942d0      0x240 eobj/libengine.a(kplib.o)
 .rdata         0x00494510      0x240 eobj/libengine.a(engineinfo.o)
                0x00494610                _engine_cflags
                0x00494510                _engine_date
                0x00494525                _engine_compiler
                0x004945b0                _engine_libs
                0x00494550                _engine_uname
 .rdata         0x00494750       0xe0 c:/mingw/bin/../lib/gcc/mingw32/3.4.2/libgcc.a(w32-shared-ptr.o)
 *(SORT(.rdata$*))
 *(.eh_frame)
                0x00494830                ___RUNTIME_PSEUDO_RELOC_LIST__ = .
                0x00494830                __RUNTIME_PSEUDO_RELOC_LIST__ = .
 *(.rdata_runtime_pseudo_reloc)
                0x00494830                ___RUNTIME_PSEUDO_RELOC_LIST_END__ = .
                0x00494830                __RUNTIME_PSEUDO_RELOC_LIST_END__ = .

.pdata
 *(.pdata)

.bss            0x00495000   0x581760
                0x00495000                __bss_start__ = .
 *(.bss)
 .bss           0x00495000       0x10 c:/mingw/bin/../lib/gcc/mingw32/3.4.2/../../../crt2.o
                0x00495004                _argc
                0x00495000                _argv
 .bss           0x00495010    0x29580 obj/astub.o
                0x00495017                purpleon
                0x00495015                autosecthelp
                0x0049501c                intro
                0x00495018                shadepreview
                0x00495016                nosprites
                0x00495014                autospritehelp
                0x00495010                nextvoxid
 .bss           0x004be590    0x15240 eobj/libbuild.a(build.o)
                0x004be5a0                lockclock
                0x004be59c                brightness
                0x004be5a8                grponlymode
                0x004be5b0                mousexsurp
                0x004be5ac                mouseysurp
                0x004be590                mlook
                0x004be594                defaultspritecstat
                0x004be5b4                noclip
                0x004be5a4                synctics
                0x004be598                zmode
                0x004be592                asksave
 .bss           0x004d37d0   0x161a00 eobj/libengine.a(engine.o)
                0x004d3808                rendmode
                0x004d3828                pic
                0x004d3834                novoxmips
                0x004d37fc                zbufbpl
                0x004d37d8                vnum
                0x004d380c                palfadedelta
                0x004d3804                zbufmem
                0x004d3820                cachesize
                0x004d37e4                gltexmaxsize
                0x004d3824                artsize
                0x004d3818                transluc
                0x004d3812                editstatus
                0x004d37e0                gltexmiplevel
                0x004d37f8                zbufoff
                0x004d37d4                vmax
                0x004d381c                qsetmode
                0x004d37ec                glmultisample
                0x004d380d                palfadergb
                0x004d382c                gammabrightness
                0x004d37e8                glnvmultisamplehint
                0x004d37f4                glredbluemode
                0x004d3830                curbrightness
                0x004d37d0                cachedebug
                0x004d37f0                glusetexcache
                0x004d3814                paletteloaded
                0x004d3800                zbufysiz
                0x004d37dc                glpolygonmode
 .bss           0x006351d0     0x26b0 eobj/libengine.a(winlayer.o)
                0x006351f8                quitevent
                0x006351ec                mouseb
                0x0063520c                bytesperline
                0x006351f0                mousey
                0x00635218                nofog
                0x006351fc                repaintneeded
                0x00635204                frameplace
                0x006351e0                joyhat
                0x006351df                joyisgamepad
                0x00635200                lockcount
                0x006351d8                keypresscallback
                0x006351e8                joyaxis
                0x006351dd                joynumbuttons
                0x00635210                bpp
                0x006351dc                joynumhats
                0x006351f9                inputdevices
                0x00635208                imageSize
                0x006351d4                mousepresscallback
                0x00635220                _buildargc
                0x006351de                joynumaxes
                0x006351fb                offscreenrendering
                0x006351e4                joyb
                0x006351d0                joypresscallback
                0x0063521c                _buildargv
                0x00635214                fullscreen
                0x006351f4                mousex
                0x006351fa                videomodereset
 .bss           0x00637880     0x4660 eobj/libengine.a(cache1d.o)
                0x0063788c                cachestart
                0x00637884                agecount
                0x00637894                cachecount
                0x00637888                cacnum
                0x00637880                pathsearchmode
                0x00637890                zerochar
 .bss           0x0063bee0     0xc5d0 eobj/libengine.a(osd.o)
 .bss           0x006484b0       0x10 eobj/libengine.a(defs.o)
 .bss           0x006484c0       0x20 eobj/libengine.a(glbuild.o)
                0x006484c0                gldriver
 .bss           0x006484e0      0x400 eobj/libengine.a(crc32.o)
 .bss           0x006488e0       0x30 eobj/libengine.a(scriptfile.o)
 .bss           0x00648910    0x3e510 eobj/libengine.a(kplib.o)
 .bss           0x00686e20       0x10 c:/mingw/bin/../lib/gcc/mingw32/3.4.2/../../../libmingw32.a(CRTfmode.o)
                0x00686e20                _CRT_fmode
 .bss           0x00686e30       0x10 c:/mingw/bin/../lib/gcc/mingw32/3.4.2/../../../libmingw32.a(gccmain.o)
 .bss           0x00686e40       0x10 c:/mingw/bin/../lib/gcc/mingw32/3.4.2/../../../libmingw32.a(pseudo-reloc-list.o)
 .bss           0x00686e50       0x20 c:/mingw/bin/../lib/gcc/mingw32/3.4.2/libgcc.a(w32-shared-ptr.o)
 *(COMMON)
 COMMON         0x00686e70     0x14c0 obj/astub.o
                0x00686e70                mousecol
                0x00686e80                getmessagetimeoff
                0x00686e90                getmessageleng
                0x00686ea0                ppointhighlight
                0x00686eb0                xoldtimerhandler
                0x00686ec0                WATERpalette
                0x006871c0                floor_over_floor
                0x006871d0                timoff
                0x006871e0                TITLEpalette
                0x006874e0                num_tables
                0x006874f0                getmessage
                0x006875a0                GAMEpalette
                0x006878a0                levelname
                0x006879a0                autosavetimer
                0x006879b0                lastmessagetime
                0x006879c0                yvel
                0x006879d0                xvel
                0x006879e0                mousyplc
                0x006879f0                charsperline
                0x00687a00                lastupdate
                0x00687a10                mousxplc
                0x00687a20                REALMSpalette
                0x00687d20                bstatus
                0x00687d30                SLIMEpalette
                0x00688030                BOSS1palette
 COMMON         0x00688330    0x68da0 eobj/libbuild.a(build.o)
                0x00688330                temppal
                0x00688340                tempxrepeat
                0x00688350                osearchx
                0x00688360                templotag
                0x00688370                mousx
                0x00688380                tempshade
                0x00688390                whitecol
                0x006883a0                vel
                0x006883b0                posy
                0x006883c0                temppicnum
                0x006883d0                highlight
                0x006903d0                names
                0x006edfd0                ang
                0x006edfe0                tempcstat
                0x006edff0                numsprites
                0x006ee000                highlightsector
                0x006f0000                posz
                0x006f0010                angvel
                0x006f0020                tempvis
                0x006f0030                tempyrepeat
                0x006f0040                hvel
                0x006f0050                tempbuf
                0x006f1050                lastpm16time
                0x006f1060                temphitag
                0x006f1070                cursectnum
                0x006f1080                svel
                0x006f1090                tempextra
                0x006f10a0                osearchy
                0x006f10b0                mousy
                0x006f10c0                posx
 COMMON         0x006f10d0   0x309c40 eobj/libengine.a(engine.o)
                0x006f10d0                gvx
                0x006f10e0                nextspritestat
                0x006f90e0                ydim
                0x006f90f0                searchit
                0x006f9100                vplce
                0x006f9110                ebpbak
                0x006f9120                globalcursectnum
                0x006f9130                walock
                0x006fcd30                globalx2
                0x006fcd40                windowx1
                0x006fcd50                guniqhudid
                0x006fcd60                searchstat
                0x006fcd70                visibility
                0x006fcd80                tsprite
                0x00712d80                searchy
                0x00712d90                frameoffset
                0x00712da0                startdmost
                0x00713a20                lastageclock
                0x00713a30                britable
                0x00714a30                midydim16
                0x00714a40                startposx
                0x00714a50                gdy
                0x00714a60                sprite
                0x007c4a60                randomseed
                0x007c4a70                wy2
                0x007c4a80                parallaxvisibility
                0x007c4a90                globalyshift
                0x007c4aa0                parallaxyoffs
                0x007c4ab0                globalxshift
                0x007c4ac0                dplc
                0x007c5740                pskyoff
                0x007c5940                globalpal
                0x007c5950                tilesizy
                0x007cd150                globalcisibility
                0x007cd160                vince
                0x007cd170                pskybits
                0x007cd180                pageoffset
                0x007cd190                sintable
                0x007ce190                show2dwall
                0x007ce990                fpuasm
                0x007ce9a0                gux
                0x007ce9b0                numwalls
                0x007ce9c0                globalang
                0x007ce9d0                globalpalwritten
                0x007ce9e0                globparaceilclip
                0x007ce9f0                sinviewingrangeglobalang
                0x007cea00                linehighlight
                0x007cea10                headspritestat
                0x007cf220                startposy
                0x007cf230                globalx
                0x007cf240                xdimscale
                0x007cf250                numpages
                0x007cf260                globalposz
                0x007cf270                globalypanning
                0x007cf280                asm2
                0x007cf290                captureformat
                0x007cf2a0                globalshade
                0x007cf2b0                wx1
                0x007cf2c0                picanm
                0x007de2c0                globalxpanning
                0x007de2d0                searchwall
                0x007de2e0                prevspritesect
                0x007e62e0                gvy
                0x007e62f0                tiletovox
                0x007f52f0                tilesizx
                0x007fcaf0                cosviewingrangeglobalang
                0x007fcb00                show2dsector
                0x007fcd00                voxoff
                0x00810d00                wx2
                0x00810d10                guy
                0x00810d20                windowy2
                0x00810d30                startsectnum
                0x00810d40                globaly2
                0x00810d50                numscans
                0x00810d60                gdo
                0x00810d70                voxlock
                0x00815d70                voxscale
                0x00819d70                palookupoffse
                0x00819d80                totalclock
                0x00819d90                globalhoriz
                0x00819da0                globalhisibility
                0x00819db0                ylookup
                0x0081b080                alphahackarray
                0x0082a080                gdx
                0x0082a090                ydim16
                0x0082a0a0                spritecol2d
                0x008318a0                globalorientation
                0x008318b0                asm3
                0x008318c0                halfxdimen
                0x008318d0                palette
                0x00831bd0                totalclocklock
                0x00831be0                highlightcnt
                0x00831bf0                tilefilenum
                0x008357f0                viewingrange
                0x00835800                xdimenscale
                0x00835810                windowy1
                0x00835820                globvis
                0x00835830                globaldclip
                0x00835840                globalzd
                0x00835850                globalz
                0x00835860                xdimenrecip
                0x00835870                spritesortcnt
                0x00835880                umost
                0x00836500                ydimen
                0x00836510                globalx3
                0x00836520                globparaflorclip
                0x00836530                slopalookup
                0x00846530                startang
                0x00846540                startposz
                0x00846550                globaly
                0x00846560                wall
                0x008c6560                parallaxyscale
                0x008c6570                searchsector
                0x008c6580                globalposy
                0x008c6590                validmodecnt